кві 25 07:50:20 denixx-u2604-1 kernel: Linux version 7.0.0-14-generic (buildd@lcy02-amd64-043) (x86_64-linux-gnu-gcc (Ubuntu 15.2.0-16ubuntu1) 15.2.0, GNU ld (GNU Binutils for Ubuntu) 2.46) #14-Ubuntu SMP PREEMPT_DYNAMIC Mon Apr 13 11:09:53 UTC 2026 (Ubuntu 7.0.0-14.14-generic 7.0.0)
кві 25 07:50:20 denixx-u2604-1 kernel: Command line: BOOT_IMAGE=/vmlinuz-7.0.0-14-generic root=/dev/mapper/ubuntu--vg-ubuntu--lv ro quiet splash crashkernel=2G-4G:320M,4G-32G:512M,32G-64G:1024M,64G-128G:2048M,128G-:4096M
кві 25 07:50:20 denixx-u2604-1 kernel: KERNEL supported cpus:
кві 25 07:50:20 denixx-u2604-1 kernel:   Intel GenuineIntel
кві 25 07:50:20 denixx-u2604-1 kernel:   AMD AuthenticAMD
кві 25 07:50:20 denixx-u2604-1 kernel:   Hygon HygonGenuine
кві 25 07:50:20 denixx-u2604-1 kernel:   Centaur CentaurHauls
кві 25 07:50:20 denixx-u2604-1 kernel:   zhaoxin   Shanghai  
кві 25 07:50:20 denixx-u2604-1 kernel: BIOS-provided physical RAM map:
кві 25 07:50:20 denixx-u2604-1 kernel: BIOS-e820: [mem 0x0000000000000000-0x000000000009efff]  System RAM
кві 25 07:50:20 denixx-u2604-1 kernel: BIOS-e820: [mem 0x000000000009f000-0x00000000000bffff]  device reserved
кві 25 07:50:20 denixx-u2604-1 kernel: BIOS-e820: [gap 0x00000000000c0000-0x00000000000fffff]
кві 25 07:50:20 denixx-u2604-1 kernel: BIOS-e820: [mem 0x0000000000100000-0x0000000009afffff]  System RAM
кві 25 07:50:20 denixx-u2604-1 kernel: BIOS-e820: [mem 0x0000000009b00000-0x0000000009dfffff]  device reserved
кві 25 07:50:20 denixx-u2604-1 kernel: BIOS-e820: [mem 0x0000000009e00000-0x0000000009efffff]  System RAM
кві 25 07:50:20 denixx-u2604-1 kernel: BIOS-e820: [mem 0x0000000009f00000-0x0000000009f13fff]  ACPI NVS
кві 25 07:50:20 denixx-u2604-1 kernel: BIOS-e820: [mem 0x0000000009f14000-0x000000007fffefff]  System RAM
кві 25 07:50:20 denixx-u2604-1 kernel: BIOS-e820: [mem 0x000000007ffff000-0x000000007fffffff]  device reserved
кві 25 07:50:20 denixx-u2604-1 kernel: BIOS-e820: [mem 0x0000000080000000-0x00000000805cffff]  System RAM
кві 25 07:50:20 denixx-u2604-1 kernel: BIOS-e820: [mem 0x00000000805d0000-0x00000000805dafff]  ACPI data
кві 25 07:50:20 denixx-u2604-1 kernel: BIOS-e820: [mem 0x00000000805db000-0x0000000082363fff]  System RAM
кві 25 07:50:20 denixx-u2604-1 kernel: BIOS-e820: [mem 0x0000000082364000-0x0000000084563fff]  device reserved
кві 25 07:50:20 denixx-u2604-1 kernel: BIOS-e820: [mem 0x0000000084564000-0x000000008456cfff]  System RAM
кві 25 07:50:20 denixx-u2604-1 kernel: BIOS-e820: [mem 0x000000008456d000-0x000000008456ffff]  device reserved
кві 25 07:50:20 denixx-u2604-1 kernel: BIOS-e820: [mem 0x0000000084570000-0x000000009077efff]  System RAM
кві 25 07:50:20 denixx-u2604-1 kernel: BIOS-e820: [mem 0x000000009077f000-0x0000000092f7efff]  device reserved
кві 25 07:50:20 denixx-u2604-1 kernel: BIOS-e820: [mem 0x0000000092f7f000-0x000000009af7efff]  ACPI NVS
кві 25 07:50:20 denixx-u2604-1 kernel: BIOS-e820: [mem 0x000000009af7f000-0x000000009affefff]  ACPI data
кві 25 07:50:20 denixx-u2604-1 kernel: BIOS-e820: [mem 0x000000009afff000-0x000000009affffff]  System RAM
кві 25 07:50:20 denixx-u2604-1 kernel: BIOS-e820: [mem 0x000000009b000000-0x000000009bffffff]  device reserved
кві 25 07:50:20 denixx-u2604-1 kernel: BIOS-e820: [gap 0x000000009c000000-0x000000009cdfffff]
кві 25 07:50:20 denixx-u2604-1 kernel: BIOS-e820: [mem 0x000000009ce00000-0x000000009fffffff]  device reserved
кві 25 07:50:20 denixx-u2604-1 kernel: BIOS-e820: [gap 0x00000000a0000000-0x00000000fddfffff]
кві 25 07:50:20 denixx-u2604-1 kernel: BIOS-e820: [mem 0x00000000fde00000-0x00000000fdefffff]  device reserved
кві 25 07:50:20 denixx-u2604-1 kernel: BIOS-e820: [gap 0x00000000fdf00000-0x00000000fed7ffff]
кві 25 07:50:20 denixx-u2604-1 kernel: BIOS-e820: [mem 0x00000000fed80000-0x00000000fed80fff]  device reserved
кві 25 07:50:20 denixx-u2604-1 kernel: BIOS-e820: [gap 0x00000000fed81000-0x00000000feffffff]
кві 25 07:50:20 denixx-u2604-1 kernel: BIOS-e820: [mem 0x00000000ff000000-0x00000000ffffffff]  device reserved
кві 25 07:50:20 denixx-u2604-1 kernel: BIOS-e820: [mem 0x0000000100000000-0x000000103e2fffff]  System RAM
кві 25 07:50:20 denixx-u2604-1 kernel: BIOS-e820: [gap 0x000000103e300000-0x000000103f33ffff]
кві 25 07:50:20 denixx-u2604-1 kernel: BIOS-e820: [mem 0x000000103f340000-0x00000010801fffff]  device reserved
кві 25 07:50:20 denixx-u2604-1 kernel: NX (Execute Disable) protection: active
кві 25 07:50:20 denixx-u2604-1 kernel: APIC: Static calls initialized
кві 25 07:50:20 denixx-u2604-1 kernel: efi: EFI v2.8 by INSYDE Corp.
кві 25 07:50:20 denixx-u2604-1 kernel: efi: ACPI=0x9affe000 ACPI 2.0=0x9affe014 TPMFinalLog=0x9af3f000 SMBIOS=0x91712000 SMBIOS 3.0=0x91710000 MEMATTR=0x8af14018 ESRT=0x8d307c98 MOKvar=0x91899000 INITRD=0x8457df98 RNG=0x9af86018 TPMEventLog=0x805d0018 
кві 25 07:50:20 denixx-u2604-1 kernel: random: crng init done
кві 25 07:50:20 denixx-u2604-1 kernel: efi: Remove mem62: MMIO range=[0xfde00000-0xfdefffff] (1MB) from e820 map
кві 25 07:50:20 denixx-u2604-1 kernel: e820: remove [mem 0xfde00000-0xfdefffff] device reserved
кві 25 07:50:20 denixx-u2604-1 kernel: efi: Not removing mem63: MMIO range=[0xfed80000-0xfed80fff] (4KB) from e820 map
кві 25 07:50:20 denixx-u2604-1 kernel: efi: Remove mem64: MMIO range=[0xff000000-0xffffffff] (16MB) from e820 map
кві 25 07:50:20 denixx-u2604-1 kernel: e820: remove [mem 0xff000000-0xffffffff] device reserved
кві 25 07:50:20 denixx-u2604-1 kernel: efi: Remove mem66: MMIO range=[0x1060000000-0x10801fffff] (514MB) from e820 map
кві 25 07:50:20 denixx-u2604-1 kernel: e820: remove [mem 0x1060000000-0x10801fffff] device reserved
кві 25 07:50:20 denixx-u2604-1 kernel: SMBIOS 3.4.0 present.
кві 25 07:50:20 denixx-u2604-1 kernel: DMI: Acer Nitro AN17-41/Spacia_PEH, BIOS V1.25 09/18/2024
кві 25 07:50:20 denixx-u2604-1 kernel: DMI: Memory slots populated: 2/2
кві 25 07:50:20 denixx-u2604-1 kernel: secureboot: Secure boot enabled
кві 25 07:50:20 denixx-u2604-1 kernel: Kernel is locked down from EFI Secure Boot mode; see man kernel_lockdown.7
кві 25 07:50:20 denixx-u2604-1 kernel: tsc: Fast TSC calibration using PIT
кві 25 07:50:20 denixx-u2604-1 kernel: tsc: Detected 3193.961 MHz processor
кві 25 07:50:20 denixx-u2604-1 kernel: e820: update [mem 0x00000000-0x00000fff] System RAM ==> device reserved
кві 25 07:50:20 denixx-u2604-1 kernel: e820: remove [mem 0x000a0000-0x000fffff] System RAM
кві 25 07:50:20 denixx-u2604-1 kernel: last_pfn = 0x103e300 max_arch_pfn = 0x400000000
кві 25 07:50:20 denixx-u2604-1 kernel: MTRR map: 7 entries (3 fixed + 4 variable; max 20), built from 9 variable MTRRs
кві 25 07:50:20 denixx-u2604-1 kernel: x86/PAT: Configuration [0-7]: WB  WC  UC- UC  WB  WP  UC- WT  
кві 25 07:50:20 denixx-u2604-1 kernel: last_pfn = 0x9b000 max_arch_pfn = 0x400000000
кві 25 07:50:20 denixx-u2604-1 kernel: esrt: Reserving ESRT space from 0x000000008d307c98 to 0x000000008d307cd0.
кві 25 07:50:20 denixx-u2604-1 kernel: e820: update [mem 0x8d307000-0x8d307fff] System RAM ==> device reserved
кві 25 07:50:20 denixx-u2604-1 kernel: Using GB pages for direct mapping
кві 25 07:50:20 denixx-u2604-1 kernel: secureboot: Secure boot enabled
кві 25 07:50:20 denixx-u2604-1 kernel: RAMDISK: [mem 0x7ae11000-0x7d937fff]
кві 25 07:50:20 denixx-u2604-1 kernel: ACPI: Early table checksum verification disabled
кві 25 07:50:20 denixx-u2604-1 kernel: ACPI: RSDP 0x000000009AFFE014 000024 (v02 ACRSYS)
кві 25 07:50:20 denixx-u2604-1 kernel: ACPI: XSDT 0x000000009AF8A228 00017C (v01 ACRSYS ACRPRDCT 00000002      01000013)
кві 25 07:50:20 denixx-u2604-1 kernel: ACPI: FACP 0x000000009AFEB000 00010C (v05 ACRSYS ACRPRDCT 00000002 1025 00040000)
кві 25 07:50:20 denixx-u2604-1 kernel: ACPI: DSDT 0x000000009AFDB000 009F6F (v01 ACRSYS ACRPRDCT 00000002 1025 00040000)
кві 25 07:50:20 denixx-u2604-1 kernel: ACPI: FACS 0x000000009AEB3000 000040
кві 25 07:50:20 denixx-u2604-1 kernel: ACPI: UEFI 0x000000009AF7E000 000236 (v01 ACRSYS ACRPRDCT 00000001 1025 00040000)
кві 25 07:50:20 denixx-u2604-1 kernel: ACPI: SSDT 0x000000009AFF4000 00808B (v02 ACRSYS ACRPRDCT 00000002 1025 00040000)
кві 25 07:50:20 denixx-u2604-1 kernel: ACPI: SSDT 0x000000009AFF3000 000573 (v01 ACRSYS ACRPRDCT 00000001 1025 00040000)
кві 25 07:50:20 denixx-u2604-1 kernel: ACPI: SSDT 0x000000009AFF2000 000024 (v01 ACRSYS ACRPRDCT 00000001 1025 00040000)
кві 25 07:50:20 denixx-u2604-1 kernel: ACPI: SSDT 0x000000009AFF1000 0008DA (v01 ACRSYS ACRPRDCT 00001000 1025 00040000)
кві 25 07:50:20 denixx-u2604-1 kernel: ACPI: TPM2 0x000000009AFF0000 000034 (v04 ACRSYS ACRPRDCT 00000002 1025 00040000)
кві 25 07:50:20 denixx-u2604-1 kernel: ACPI: SSDT 0x000000009AFEE000 00073D (v01 ACRSYS ACRPRDCT 00001000 1025 00040000)
кві 25 07:50:20 denixx-u2604-1 kernel: ACPI: ASF! 0x000000009AFED000 0000A5 (v32 ACRSYS ACRPRDCT 00000002 1025 00040000)
кві 25 07:50:20 denixx-u2604-1 kernel: ACPI: BOOT 0x000000009AFEC000 000028 (v01 ACRSYS ACRPRDCT 00000002 1025 00040000)
кві 25 07:50:20 denixx-u2604-1 kernel: ACPI: HPET 0x000000009AFEA000 000038 (v01 ACRSYS ACRPRDCT 00000002 1025 00040000)
кві 25 07:50:20 denixx-u2604-1 kernel: ACPI: APIC 0x000000009AFE9000 000142 (v03 ACRSYS ACRPRDCT 00000002 1025 00040000)
кві 25 07:50:20 denixx-u2604-1 kernel: ACPI: MCFG 0x000000009AFE8000 00003C (v01 ACRSYS ACRPRDCT 00000002 1025 00040000)
кві 25 07:50:20 denixx-u2604-1 kernel: ACPI: SSDT 0x000000009AFDA000 000024 (v01 ACRSYS ACRPRDCT 00000002 1025 00040000)
кві 25 07:50:20 denixx-u2604-1 kernel: ACPI: SSDT 0x000000009AFD1000 0083FB (v01 ACRSYS ACRPRDCT 00001000 1025 00040000)
кві 25 07:50:20 denixx-u2604-1 kernel: ACPI: SSDT 0x000000009AFC9000 0079C1 (v01 ACRSYS ACRPRDCT 00001000 1025 00040000)
кві 25 07:50:20 denixx-u2604-1 kernel: ACPI: VFCT 0x000000009AFBE000 00AE84 (v01 ACRSYS ACRPRDCT 00000001 1025 00040000)
кві 25 07:50:20 denixx-u2604-1 kernel: ACPI: SSDT 0x000000009AFE7000 0000F8 (v01 ACRSYS ACRPRDCT 00001000 1025 00040000)
кві 25 07:50:20 denixx-u2604-1 kernel: ACPI: SSDT 0x000000009AFB7000 005354 (v02 ACRSYS ACRPRDCT 00000001 1025 00040000)
кві 25 07:50:20 denixx-u2604-1 kernel: ACPI: CRAT 0x000000009AFFD000 000EE8 (v01 ACRSYS ACRPRDCT 00000001 1025 00040000)
кві 25 07:50:20 denixx-u2604-1 kernel: ACPI: CDIT 0x000000009AFB6000 000029 (v01 ACRSYS ACRPRDCT 00000001 1025 00040000)
кві 25 07:50:20 denixx-u2604-1 kernel: ACPI: SSDT 0x000000009AFB5000 0000D3 (v01 ACRSYS ACRPRDCT 00000001 1025 00040000)
кві 25 07:50:20 denixx-u2604-1 kernel: ACPI: SSDT 0x000000009AFB3000 001245 (v01 ACRSYS ACRPRDCT 00000001 1025 00040000)
кві 25 07:50:20 denixx-u2604-1 kernel: ACPI: SSDT 0x000000009AFB1000 0015A0 (v01 ACRSYS ACRPRDCT 00000001 1025 00040000)
кві 25 07:50:20 denixx-u2604-1 kernel: ACPI: SSDT 0x000000009AFB0000 000024 (v01 ACRSYS ACRPRDCT 00000001 1025 00040000)
кві 25 07:50:20 denixx-u2604-1 kernel: ACPI: SSDT 0x000000009AFAF000 000024 (v01 ACRSYS ACRPRDCT 00000001 1025 00040000)
кві 25 07:50:20 denixx-u2604-1 kernel: ACPI: SSDT 0x000000009AFA7000 007EBA (v01 ACRSYS ACRPRDCT 00000001 1025 00040000)
кві 25 07:50:20 denixx-u2604-1 kernel: ACPI: FPDT 0x000000009AFA6000 000044 (v01 ACRSYS ACRPRDCT 00000002 1025 00040000)
кві 25 07:50:20 denixx-u2604-1 kernel: ACPI: WSMT 0x000000009AFE6000 000028 (v01 ACRSYS ACRPRDCT 00000001 1025 00040000)
кві 25 07:50:20 denixx-u2604-1 kernel: ACPI: SSDT 0x000000009AFA2000 0022AF (v01 ACRSYS ACRPRDCT 00000001 1025 00040000)
кві 25 07:50:20 denixx-u2604-1 kernel: ACPI: IVRS 0x000000009AFE5000 000198 (v02 ACRSYS ACRPRDCT 00000001 1025 00040000)
кві 25 07:50:20 denixx-u2604-1 kernel: ACPI: SSDT 0x000000009AFA1000 000742 (v01 ACRSYS ACRPRDCT 00000001 1025 00040000)
кві 25 07:50:20 denixx-u2604-1 kernel: ACPI: SSDT 0x000000009AFA0000 00085A (v01 ACRSYS ACRPRDCT 00000001 1025 00040000)
кві 25 07:50:20 denixx-u2604-1 kernel: ACPI: SSDT 0x000000009AF9F000 0008CB (v01 ACRSYS ACRPRDCT 00000001 1025 00040000)
кві 25 07:50:20 denixx-u2604-1 kernel: ACPI: SSDT 0x000000009AF9D000 00160B (v01 ACRSYS ACRPRDCT 00000001 1025 00040000)
кві 25 07:50:20 denixx-u2604-1 kernel: ACPI: SSDT 0x000000009AF93000 0095F5 (v01 ACRSYS ACRPRDCT 00000001 1025 00040000)
кві 25 07:50:20 denixx-u2604-1 kernel: ACPI: SSDT 0x000000009AF8D000 00505F (v01 ACRSYS ACRPRDCT 00000001 1025 00040000)
кві 25 07:50:20 denixx-u2604-1 kernel: ACPI: SSDT 0x000000009AF8C000 000D42 (v01 ACRSYS ACRPRDCT 00000001 1025 00040000)
кві 25 07:50:20 denixx-u2604-1 kernel: ACPI: SSDT 0x000000009AF8B000 0007D7 (v01 ACRSYS ACRPRDCT 00000001 1025 00040000)
кві 25 07:50:20 denixx-u2604-1 kernel: ACPI: SSDT 0x000000009AFBD000 00008D (v01 ACRSYS ACRPRDCT 00000001 1025 00040000)
кві 25 07:50:20 denixx-u2604-1 kernel: ACPI: SSDT 0x000000009AF89000 000EB4 (v01 ACRSYS ACRPRDCT 00000001 1025 00040000)
кві 25 07:50:20 denixx-u2604-1 kernel: ACPI: SSDT 0x000000009AF87000 0010A5 (v01 ACRSYS ACRPRDCT 00000001 1025 00040000)
кві 25 07:50:20 denixx-u2604-1 kernel: ACPI: BGRT 0x000000009AFA5000 000038 (v01 ACRSYS ACRPRDCT 00000001 1025 00040000)
кві 25 07:50:20 denixx-u2604-1 kernel: ACPI: Reserving FACP table memory at [mem 0x9afeb000-0x9afeb10b]
кві 25 07:50:20 denixx-u2604-1 kernel: ACPI: Reserving DSDT table memory at [mem 0x9afdb000-0x9afe4f6e]
кві 25 07:50:20 denixx-u2604-1 kernel: ACPI: Reserving FACS table memory at [mem 0x9aeb3000-0x9aeb303f]
кві 25 07:50:20 denixx-u2604-1 kernel: ACPI: Reserving UEFI table memory at [mem 0x9af7e000-0x9af7e235]
кві 25 07:50:20 denixx-u2604-1 kernel: ACPI: Reserving SSDT table memory at [mem 0x9aff4000-0x9affc08a]
кві 25 07:50:20 denixx-u2604-1 kernel: ACPI: Reserving SSDT table memory at [mem 0x9aff3000-0x9aff3572]
кві 25 07:50:20 denixx-u2604-1 kernel: ACPI: Reserving SSDT table memory at [mem 0x9aff2000-0x9aff2023]
кві 25 07:50:20 denixx-u2604-1 kernel: ACPI: Reserving SSDT table memory at [mem 0x9aff1000-0x9aff18d9]
кві 25 07:50:20 denixx-u2604-1 kernel: ACPI: Reserving TPM2 table memory at [mem 0x9aff0000-0x9aff0033]
кві 25 07:50:20 denixx-u2604-1 kernel: ACPI: Reserving SSDT table memory at [mem 0x9afee000-0x9afee73c]
кві 25 07:50:20 denixx-u2604-1 kernel: ACPI: Reserving ASF! table memory at [mem 0x9afed000-0x9afed0a4]
кві 25 07:50:20 denixx-u2604-1 kernel: ACPI: Reserving BOOT table memory at [mem 0x9afec000-0x9afec027]
кві 25 07:50:20 denixx-u2604-1 kernel: ACPI: Reserving HPET table memory at [mem 0x9afea000-0x9afea037]
кві 25 07:50:20 denixx-u2604-1 kernel: ACPI: Reserving APIC table memory at [mem 0x9afe9000-0x9afe9141]
кві 25 07:50:20 denixx-u2604-1 kernel: ACPI: Reserving MCFG table memory at [mem 0x9afe8000-0x9afe803b]
кві 25 07:50:20 denixx-u2604-1 kernel: ACPI: Reserving SSDT table memory at [mem 0x9afda000-0x9afda023]
кві 25 07:50:20 denixx-u2604-1 kernel: ACPI: Reserving SSDT table memory at [mem 0x9afd1000-0x9afd93fa]
кві 25 07:50:20 denixx-u2604-1 kernel: ACPI: Reserving SSDT table memory at [mem 0x9afc9000-0x9afd09c0]
кві 25 07:50:20 denixx-u2604-1 kernel: ACPI: Reserving VFCT table memory at [mem 0x9afbe000-0x9afc8e83]
кві 25 07:50:20 denixx-u2604-1 kernel: ACPI: Reserving SSDT table memory at [mem 0x9afe7000-0x9afe70f7]
кві 25 07:50:20 denixx-u2604-1 kernel: ACPI: Reserving SSDT table memory at [mem 0x9afb7000-0x9afbc353]
кві 25 07:50:20 denixx-u2604-1 kernel: ACPI: Reserving CRAT table memory at [mem 0x9affd000-0x9affdee7]
кві 25 07:50:20 denixx-u2604-1 kernel: ACPI: Reserving CDIT table memory at [mem 0x9afb6000-0x9afb6028]
кві 25 07:50:20 denixx-u2604-1 kernel: ACPI: Reserving SSDT table memory at [mem 0x9afb5000-0x9afb50d2]
кві 25 07:50:20 denixx-u2604-1 kernel: ACPI: Reserving SSDT table memory at [mem 0x9afb3000-0x9afb4244]
кві 25 07:50:20 denixx-u2604-1 kernel: ACPI: Reserving SSDT table memory at [mem 0x9afb1000-0x9afb259f]
кві 25 07:50:20 denixx-u2604-1 kernel: ACPI: Reserving SSDT table memory at [mem 0x9afb0000-0x9afb0023]
кві 25 07:50:20 denixx-u2604-1 kernel: ACPI: Reserving SSDT table memory at [mem 0x9afaf000-0x9afaf023]
кві 25 07:50:20 denixx-u2604-1 kernel: ACPI: Reserving SSDT table memory at [mem 0x9afa7000-0x9afaeeb9]
кві 25 07:50:20 denixx-u2604-1 kernel: ACPI: Reserving FPDT table memory at [mem 0x9afa6000-0x9afa6043]
кві 25 07:50:20 denixx-u2604-1 kernel: ACPI: Reserving WSMT table memory at [mem 0x9afe6000-0x9afe6027]
кві 25 07:50:20 denixx-u2604-1 kernel: ACPI: Reserving SSDT table memory at [mem 0x9afa2000-0x9afa42ae]
кві 25 07:50:20 denixx-u2604-1 kernel: ACPI: Reserving IVRS table memory at [mem 0x9afe5000-0x9afe5197]
кві 25 07:50:20 denixx-u2604-1 kernel: ACPI: Reserving SSDT table memory at [mem 0x9afa1000-0x9afa1741]
кві 25 07:50:20 denixx-u2604-1 kernel: ACPI: Reserving SSDT table memory at [mem 0x9afa0000-0x9afa0859]
кві 25 07:50:20 denixx-u2604-1 kernel: ACPI: Reserving SSDT table memory at [mem 0x9af9f000-0x9af9f8ca]
кві 25 07:50:20 denixx-u2604-1 kernel: ACPI: Reserving SSDT table memory at [mem 0x9af9d000-0x9af9e60a]
кві 25 07:50:20 denixx-u2604-1 kernel: ACPI: Reserving SSDT table memory at [mem 0x9af93000-0x9af9c5f4]
кві 25 07:50:20 denixx-u2604-1 kernel: ACPI: Reserving SSDT table memory at [mem 0x9af8d000-0x9af9205e]
кві 25 07:50:20 denixx-u2604-1 kernel: ACPI: Reserving SSDT table memory at [mem 0x9af8c000-0x9af8cd41]
кві 25 07:50:20 denixx-u2604-1 kernel: ACPI: Reserving SSDT table memory at [mem 0x9af8b000-0x9af8b7d6]
кві 25 07:50:20 denixx-u2604-1 kernel: ACPI: Reserving SSDT table memory at [mem 0x9afbd000-0x9afbd08c]
кві 25 07:50:20 denixx-u2604-1 kernel: ACPI: Reserving SSDT table memory at [mem 0x9af89000-0x9af89eb3]
кві 25 07:50:20 denixx-u2604-1 kernel: ACPI: Reserving SSDT table memory at [mem 0x9af87000-0x9af880a4]
кві 25 07:50:20 denixx-u2604-1 kernel: ACPI: Reserving BGRT table memory at [mem 0x9afa5000-0x9afa5037]
кві 25 07:50:20 denixx-u2604-1 kernel: No NUMA configuration found
кві 25 07:50:20 denixx-u2604-1 kernel: Faking a node at [mem 0x0000000000000000-0x000000103e2fffff]
кві 25 07:50:20 denixx-u2604-1 kernel: NODE_DATA(0) allocated [mem 0x103e2d5280-0x103e2fffff]
кві 25 07:50:20 denixx-u2604-1 kernel: crashkernel reserved: 0x0000000034000000 - 0x0000000074000000 (1024 MB)
кві 25 07:50:20 denixx-u2604-1 kernel: ACPI: PM-Timer IO Port: 0x408
кві 25 07:50:20 denixx-u2604-1 kernel: ACPI: LAPIC_NMI (acpi_id[0x00] high edge lint[0x1])
кві 25 07:50:20 denixx-u2604-1 kernel: ACPI: LAPIC_NMI (acpi_id[0x01] high edge lint[0x1])
кві 25 07:50:20 denixx-u2604-1 kernel: ACPI: LAPIC_NMI (acpi_id[0x02] high edge lint[0x1])
кві 25 07:50:20 denixx-u2604-1 kernel: ACPI: LAPIC_NMI (acpi_id[0x03] high edge lint[0x1])
кві 25 07:50:20 denixx-u2604-1 kernel: ACPI: LAPIC_NMI (acpi_id[0x04] high edge lint[0x1])
кві 25 07:50:20 denixx-u2604-1 kernel: ACPI: LAPIC_NMI (acpi_id[0x05] high edge lint[0x1])
кві 25 07:50:20 denixx-u2604-1 kernel: ACPI: LAPIC_NMI (acpi_id[0x06] high edge lint[0x1])
кві 25 07:50:20 denixx-u2604-1 kernel: ACPI: LAPIC_NMI (acpi_id[0x07] high edge lint[0x1])
кві 25 07:50:20 denixx-u2604-1 kernel: ACPI: LAPIC_NMI (acpi_id[0x08] high edge lint[0x1])
кві 25 07:50:20 denixx-u2604-1 kernel: ACPI: LAPIC_NMI (acpi_id[0x09] high edge lint[0x1])
кві 25 07:50:20 denixx-u2604-1 kernel: ACPI: LAPIC_NMI (acpi_id[0x0a] high edge lint[0x1])
кві 25 07:50:20 denixx-u2604-1 kernel: ACPI: LAPIC_NMI (acpi_id[0x0b] high edge lint[0x1])
кві 25 07:50:20 denixx-u2604-1 kernel: ACPI: LAPIC_NMI (acpi_id[0x0c] high edge lint[0x1])
кві 25 07:50:20 denixx-u2604-1 kernel: ACPI: LAPIC_NMI (acpi_id[0x0d] high edge lint[0x1])
кві 25 07:50:20 denixx-u2604-1 kernel: ACPI: LAPIC_NMI (acpi_id[0x0e] high edge lint[0x1])
кві 25 07:50:20 denixx-u2604-1 kernel: ACPI: LAPIC_NMI (acpi_id[0x0f] high edge lint[0x1])
кві 25 07:50:20 denixx-u2604-1 kernel: IOAPIC[0]: apic_id 33, version 33, address 0xfec00000, GSI 0-23
кві 25 07:50:20 denixx-u2604-1 kernel: IOAPIC[1]: apic_id 34, version 33, address 0xfec01000, GSI 24-55
кві 25 07:50:20 denixx-u2604-1 kernel: ACPI: INT_SRC_OVR (bus 0 bus_irq 1 global_irq 1 low edge)
кві 25 07:50:20 denixx-u2604-1 kernel: ACPI: INT_SRC_OVR (bus 0 bus_irq 0 global_irq 2 dfl dfl)
кві 25 07:50:20 denixx-u2604-1 kernel: ACPI: INT_SRC_OVR (bus 0 bus_irq 9 global_irq 9 low level)
кві 25 07:50:20 denixx-u2604-1 kernel: ACPI: Using ACPI (MADT) for SMP configuration information
кві 25 07:50:20 denixx-u2604-1 kernel: ACPI: HPET id: 0x10228210 base: 0xfed00000
кві 25 07:50:20 denixx-u2604-1 kernel: e820: update [mem 0x8af5d000-0x8b006fff] System RAM ==> device reserved
кві 25 07:50:20 denixx-u2604-1 kernel: CPU topo: Max. logical packages:   1
кві 25 07:50:20 denixx-u2604-1 kernel: CPU topo: Max. logical nodes:      1
кві 25 07:50:20 denixx-u2604-1 kernel: CPU topo: Num. nodes per package:  1
кві 25 07:50:20 denixx-u2604-1 kernel: CPU topo: Max. logical dies:       1
кві 25 07:50:20 denixx-u2604-1 kernel: CPU topo: Max. dies per package:   1
кві 25 07:50:20 denixx-u2604-1 kernel: CPU topo: Max. threads per core:   2
кві 25 07:50:20 denixx-u2604-1 kernel: CPU topo: Num. cores per package:     8
кві 25 07:50:20 denixx-u2604-1 kernel: CPU topo: Num. threads per package:  16
кві 25 07:50:20 denixx-u2604-1 kernel: CPU topo: Allowing 16 present CPUs plus 0 hotplug CPUs
кві 25 07:50:20 denixx-u2604-1 kernel: PM: hibernation: Registered nosave memory: [mem 0x00000000-0x00000fff]
кві 25 07:50:20 denixx-u2604-1 kernel: PM: hibernation: Registered nosave memory: [mem 0x0009f000-0x000fffff]
кві 25 07:50:20 denixx-u2604-1 kernel: PM: hibernation: Registered nosave memory: [mem 0x09b00000-0x09dfffff]
кві 25 07:50:20 denixx-u2604-1 kernel: PM: hibernation: Registered nosave memory: [mem 0x09f00000-0x09f13fff]
кві 25 07:50:20 denixx-u2604-1 kernel: PM: hibernation: Registered nosave memory: [mem 0x7ffff000-0x7fffffff]
кві 25 07:50:20 denixx-u2604-1 kernel: PM: hibernation: Registered nosave memory: [mem 0x805d0000-0x805dafff]
кві 25 07:50:20 denixx-u2604-1 kernel: PM: hibernation: Registered nosave memory: [mem 0x82364000-0x84563fff]
кві 25 07:50:20 denixx-u2604-1 kernel: PM: hibernation: Registered nosave memory: [mem 0x8456d000-0x8456ffff]
кві 25 07:50:20 denixx-u2604-1 kernel: PM: hibernation: Registered nosave memory: [mem 0x8af5d000-0x8b006fff]
кві 25 07:50:20 denixx-u2604-1 kernel: PM: hibernation: Registered nosave memory: [mem 0x8d307000-0x8d307fff]
кві 25 07:50:20 denixx-u2604-1 kernel: PM: hibernation: Registered nosave memory: [mem 0x9077f000-0x9affefff]
кві 25 07:50:20 denixx-u2604-1 kernel: PM: hibernation: Registered nosave memory: [mem 0x9b000000-0xffffffff]
кві 25 07:50:20 denixx-u2604-1 kernel: [gap 0xa0000000-0xfed7ffff] available for PCI devices
кві 25 07:50:20 denixx-u2604-1 kernel: Booting paravirtualized kernel on bare hardware
кві 25 07:50:20 denixx-u2604-1 kernel: clocksource: refined-jiffies: mask: 0xffffffff max_cycles: 0xffffffff, max_idle_ns: 1910969940391419 ns
кві 25 07:50:20 denixx-u2604-1 kernel: Zone ranges:
кві 25 07:50:20 denixx-u2604-1 kernel:   DMA      [mem 0x0000000000001000-0x0000000000ffffff]
кві 25 07:50:20 denixx-u2604-1 kernel:   DMA32    [mem 0x0000000001000000-0x00000000ffffffff]
кві 25 07:50:20 denixx-u2604-1 kernel:   Normal   [mem 0x0000000100000000-0x000000103e2fffff]
кві 25 07:50:20 denixx-u2604-1 kernel:   Device   empty
кві 25 07:50:20 denixx-u2604-1 kernel: Movable zone start for each node
кві 25 07:50:20 denixx-u2604-1 kernel: Early memory node ranges
кві 25 07:50:20 denixx-u2604-1 kernel:   node   0: [mem 0x0000000000001000-0x000000000009efff]
кві 25 07:50:20 denixx-u2604-1 kernel:   node   0: [mem 0x0000000000100000-0x0000000009afffff]
кві 25 07:50:20 denixx-u2604-1 kernel:   node   0: [mem 0x0000000009e00000-0x0000000009efffff]
кві 25 07:50:20 denixx-u2604-1 kernel:   node   0: [mem 0x0000000009f14000-0x000000007fffefff]
кві 25 07:50:20 denixx-u2604-1 kernel:   node   0: [mem 0x0000000080000000-0x00000000805cffff]
кві 25 07:50:20 denixx-u2604-1 kernel:   node   0: [mem 0x00000000805db000-0x0000000082363fff]
кві 25 07:50:20 denixx-u2604-1 kernel:   node   0: [mem 0x0000000084564000-0x000000008456cfff]
кві 25 07:50:20 denixx-u2604-1 kernel:   node   0: [mem 0x0000000084570000-0x000000009077efff]
кві 25 07:50:20 denixx-u2604-1 kernel:   node   0: [mem 0x000000009afff000-0x000000009affffff]
кві 25 07:50:20 denixx-u2604-1 kernel:   node   0: [mem 0x0000000100000000-0x000000103e2fffff]
кві 25 07:50:20 denixx-u2604-1 kernel: Initmem setup node 0 [mem 0x0000000000001000-0x000000103e2fffff]
кві 25 07:50:20 denixx-u2604-1 kernel: On node 0, zone DMA: 1 pages in unavailable ranges
кві 25 07:50:20 denixx-u2604-1 kernel: On node 0, zone DMA: 97 pages in unavailable ranges
кві 25 07:50:20 denixx-u2604-1 kernel: On node 0, zone DMA32: 768 pages in unavailable ranges
кві 25 07:50:20 denixx-u2604-1 kernel: On node 0, zone DMA32: 20 pages in unavailable ranges
кві 25 07:50:20 denixx-u2604-1 kernel: On node 0, zone DMA32: 1 pages in unavailable ranges
кві 25 07:50:20 denixx-u2604-1 kernel: On node 0, zone DMA32: 11 pages in unavailable ranges
кві 25 07:50:20 denixx-u2604-1 kernel: On node 0, zone DMA32: 8704 pages in unavailable ranges
кві 25 07:50:20 denixx-u2604-1 kernel: On node 0, zone DMA32: 3 pages in unavailable ranges
кві 25 07:50:20 denixx-u2604-1 kernel: On node 0, zone DMA32: 43136 pages in unavailable ranges
кві 25 07:50:20 denixx-u2604-1 kernel: On node 0, zone Normal: 20480 pages in unavailable ranges
кві 25 07:50:20 denixx-u2604-1 kernel: On node 0, zone Normal: 7424 pages in unavailable ranges
кві 25 07:50:20 denixx-u2604-1 kernel: setup_percpu: NR_CPUS:8192 nr_cpumask_bits:16 nr_cpu_ids:16 nr_node_ids:1
кві 25 07:50:20 denixx-u2604-1 kernel: percpu: Embedded 85 pages/cpu s225280 r8192 d114688 u524288
кві 25 07:50:20 denixx-u2604-1 kernel: pcpu-alloc: s225280 r8192 d114688 u524288 alloc=1*2097152
кві 25 07:50:20 denixx-u2604-1 kernel: pcpu-alloc: [0] 00 01 02 03 [0] 04 05 06 07 
кві 25 07:50:20 denixx-u2604-1 kernel: pcpu-alloc: [0] 08 09 10 11 [0] 12 13 14 15 
кві 25 07:50:20 denixx-u2604-1 kernel: Kernel command line: BOOT_IMAGE=/vmlinuz-7.0.0-14-generic root=/dev/mapper/ubuntu--vg-ubuntu--lv ro quiet splash crashkernel=2G-4G:320M,4G-32G:512M,32G-64G:1024M,64G-128G:2048M,128G-:4096M
кві 25 07:50:20 denixx-u2604-1 kernel: Unknown kernel command line parameters "splash", will be passed to user space.
кві 25 07:50:20 denixx-u2604-1 kernel: printk: log buffer data + meta data: 262144 + 1114112 = 1376256 bytes
кві 25 07:50:20 denixx-u2604-1 kernel: Dentry cache hash table entries: 8388608 (order: 14, 67108864 bytes, linear)
кві 25 07:50:20 denixx-u2604-1 kernel: Inode-cache hash table entries: 4194304 (order: 13, 33554432 bytes, linear)
кві 25 07:50:20 denixx-u2604-1 kernel: software IO TLB: area num 16.
кві 25 07:50:20 denixx-u2604-1 kernel: Fallback order for Node 0: 0 
кві 25 07:50:20 denixx-u2604-1 kernel: Built 1 zonelists, mobility grouping on.  Total pages: 16565499
кві 25 07:50:20 denixx-u2604-1 kernel: Policy zone: Normal
кві 25 07:50:20 denixx-u2604-1 kernel: mem auto-init: stack:all(zero), heap alloc:on, heap free:off
кві 25 07:50:20 denixx-u2604-1 kernel: KHO: Failed to reserve lowmem scratch buffer
кві 25 07:50:20 denixx-u2604-1 kernel: KHO: Failed to reserve scratch area, disabling kexec handover
кві 25 07:50:20 denixx-u2604-1 kernel: SLUB: HWalign=64, Order=0-3, MinObjects=0, CPUs=16, Nodes=1
кві 25 07:50:20 denixx-u2604-1 kernel: ftrace: allocating 63887 entries in 252 pages
кві 25 07:50:20 denixx-u2604-1 kernel: ftrace: allocated 252 pages with 6 groups
кві 25 07:50:20 denixx-u2604-1 kernel: Dynamic Preempt: lazy
кві 25 07:50:20 denixx-u2604-1 kernel: rcu: Preemptible hierarchical RCU implementation.
кві 25 07:50:20 denixx-u2604-1 kernel: rcu:         RCU restricting CPUs from NR_CPUS=8192 to nr_cpu_ids=16.
кві 25 07:50:20 denixx-u2604-1 kernel:         Trampoline variant of Tasks RCU enabled.
кві 25 07:50:20 denixx-u2604-1 kernel:         Rude variant of Tasks RCU enabled.
кві 25 07:50:20 denixx-u2604-1 kernel:         Tracing variant of Tasks RCU enabled.
кві 25 07:50:20 denixx-u2604-1 kernel: rcu: RCU calculated value of scheduler-enlistment delay is 100 jiffies.
кві 25 07:50:20 denixx-u2604-1 kernel: rcu: Adjusting geometry for rcu_fanout_leaf=16, nr_cpu_ids=16
кві 25 07:50:20 denixx-u2604-1 kernel: RCU Tasks: Setting shift to 4 and lim to 1 rcu_task_cb_adjust=1 rcu_task_cpu_ids=16.
кві 25 07:50:20 denixx-u2604-1 kernel: RCU Tasks Rude: Setting shift to 4 and lim to 1 rcu_task_cb_adjust=1 rcu_task_cpu_ids=16.
кві 25 07:50:20 denixx-u2604-1 kernel: NR_IRQS: 524544, nr_irqs: 1096, preallocated irqs: 16
кві 25 07:50:20 denixx-u2604-1 kernel: rcu: srcu_init: Setting srcu_struct sizes based on contention.
кві 25 07:50:20 denixx-u2604-1 kernel: Console: colour dummy device 80x25
кві 25 07:50:20 denixx-u2604-1 kernel: printk: legacy console [tty0] enabled
кві 25 07:50:20 denixx-u2604-1 kernel: ACPI: Core revision 20251212
кві 25 07:50:20 denixx-u2604-1 kernel: clocksource: hpet: mask: 0xffffffff max_cycles: 0xffffffff, max_idle_ns: 133484873504 ns
кві 25 07:50:20 denixx-u2604-1 kernel: APIC: Switch to symmetric I/O mode setup
кві 25 07:50:20 denixx-u2604-1 kernel: AMD-Vi: ivrs, add hid:AMDI0020, uid:\_SB.FUR0, rdevid:0xa0
кві 25 07:50:20 denixx-u2604-1 kernel: AMD-Vi: ivrs, add hid:AMDI0020, uid:\_SB.FUR1, rdevid:0xa0
кві 25 07:50:20 denixx-u2604-1 kernel: AMD-Vi: ivrs, add hid:AMDI0020, uid:\_SB.FUR2, rdevid:0xa0
кві 25 07:50:20 denixx-u2604-1 kernel: AMD-Vi: ivrs, add hid:AMDI0020, uid:\_SB.FUR3, rdevid:0xa0
кві 25 07:50:20 denixx-u2604-1 kernel: AMD-Vi: Using global IVHD EFR:0x246577efa2254afa, EFR2:0x0
кві 25 07:50:20 denixx-u2604-1 kernel: x2apic: IRQ remapping doesn't support X2APIC mode
кві 25 07:50:20 denixx-u2604-1 kernel: ..TIMER: vector=0x30 apic1=0 pin1=2 apic2=-1 pin2=-1
кві 25 07:50:20 denixx-u2604-1 kernel: clocksource: tsc-early: mask: 0xffffffffffffffff max_cycles: 0x2e0a011a876, max_idle_ns: 440795241200 ns
кві 25 07:50:20 denixx-u2604-1 kernel: Calibrating delay loop (skipped), value calculated using timer frequency.. 6387.92 BogoMIPS (lpj=3193961)
кві 25 07:50:20 denixx-u2604-1 kernel: x86/cpu: User Mode Instruction Prevention (UMIP) activated
кві 25 07:50:20 denixx-u2604-1 kernel: LVT offset 1 assigned for vector 0xf9
кві 25 07:50:20 denixx-u2604-1 kernel: LVT offset 2 assigned for vector 0xf4
кві 25 07:50:20 denixx-u2604-1 kernel: Last level iTLB entries: 4KB 512, 2MB 512, 4MB 256
кві 25 07:50:20 denixx-u2604-1 kernel: Last level dTLB entries: 4KB 2048, 2MB 2048, 4MB 1024, 1GB 0
кві 25 07:50:20 denixx-u2604-1 kernel: process: using mwait in idle threads
кві 25 07:50:20 denixx-u2604-1 kernel: mitigations: Enabled attack vectors: user_kernel, user_user, guest_host, guest_guest, SMT mitigations: auto
кві 25 07:50:20 denixx-u2604-1 kernel: Speculative Store Bypass: Mitigation: Speculative Store Bypass disabled via prctl
кві 25 07:50:20 denixx-u2604-1 kernel: Transient Scheduler Attacks: Mitigation: Clear CPU buffers
кві 25 07:50:20 denixx-u2604-1 kernel: Spectre V2 : Mitigation: Retpolines
кві 25 07:50:20 denixx-u2604-1 kernel: Spectre V2 : User space: Mitigation: STIBP always-on protection
кві 25 07:50:20 denixx-u2604-1 kernel: Speculative Return Stack Overflow: Mitigation: Safe RET
кві 25 07:50:20 denixx-u2604-1 kernel: VMSCAPE: Mitigation: IBPB before exit to userspace
кві 25 07:50:20 denixx-u2604-1 kernel: Spectre V1 : Mitigation: usercopy/swapgs barriers and __user pointer sanitization
кві 25 07:50:20 denixx-u2604-1 kernel: Spectre V2 : Spectre v2 / SpectreRSB: Filling RSB on context switch and VMEXIT
кві 25 07:50:20 denixx-u2604-1 kernel: Spectre V2 : Enabling Restricted Speculation for firmware calls
кві 25 07:50:20 denixx-u2604-1 kernel: Spectre V2 : mitigation: Enabling conditional Indirect Branch Prediction Barrier
кві 25 07:50:20 denixx-u2604-1 kernel: active return thunk: srso_alias_return_thunk
кві 25 07:50:20 denixx-u2604-1 kernel: x86/fpu: Supporting XSAVE feature 0x001: 'x87 floating point registers'
кві 25 07:50:20 denixx-u2604-1 kernel: x86/fpu: Supporting XSAVE feature 0x002: 'SSE registers'
кві 25 07:50:20 denixx-u2604-1 kernel: x86/fpu: Supporting XSAVE feature 0x004: 'AVX registers'
кві 25 07:50:20 denixx-u2604-1 kernel: x86/fpu: Supporting XSAVE feature 0x200: 'Protection Keys User registers'
кві 25 07:50:20 denixx-u2604-1 kernel: x86/fpu: Supporting XSAVE feature 0x800: 'Control-flow User registers'
кві 25 07:50:20 denixx-u2604-1 kernel: x86/fpu: Supporting XSAVE feature 0x1000: 'Control-flow Kernel registers (KVM only)'
кві 25 07:50:20 denixx-u2604-1 kernel: x86/fpu: xstate_offset[2]:  576, xstate_sizes[2]:  256
кві 25 07:50:20 denixx-u2604-1 kernel: x86/fpu: xstate_offset[9]:  832, xstate_sizes[9]:    8
кві 25 07:50:20 denixx-u2604-1 kernel: x86/fpu: xstate_offset[11]:  840, xstate_sizes[11]:   16
кві 25 07:50:20 denixx-u2604-1 kernel: x86/fpu: xstate_offset[12]:  856, xstate_sizes[12]:   24
кві 25 07:50:20 denixx-u2604-1 kernel: x86/fpu: Enabled xstate features 0x1a07, context size is 880 bytes, using 'compacted' format.
кві 25 07:50:20 denixx-u2604-1 kernel: Freeing SMP alternatives memory: 56K
кві 25 07:50:20 denixx-u2604-1 kernel: pid_max: default: 32768 minimum: 301
кві 25 07:50:20 denixx-u2604-1 kernel: landlock: Up and running.
кві 25 07:50:20 denixx-u2604-1 kernel: Yama: becoming mindful.
кві 25 07:50:20 denixx-u2604-1 kernel: AppArmor: AppArmor initialized
кві 25 07:50:20 denixx-u2604-1 kernel: AppArmor: AppArmor secmark mediation reserved: ready to be enabled
кві 25 07:50:20 denixx-u2604-1 kernel: Mount-cache hash table entries: 131072 (order: 8, 1048576 bytes, linear)
кві 25 07:50:20 denixx-u2604-1 kernel: Mountpoint-cache hash table entries: 131072 (order: 8, 1048576 bytes, linear)
кві 25 07:50:20 denixx-u2604-1 kernel: VFS: Finished mounting rootfs on nullfs
кві 25 07:50:20 denixx-u2604-1 kernel: smpboot: CPU0: AMD Ryzen 7 7735HS with Radeon Graphics (family: 0x19, model: 0x44, stepping: 0x1)
кві 25 07:50:20 denixx-u2604-1 kernel: Performance Events: Fam17h+ core perfctr, AMD PMU driver.
кві 25 07:50:20 denixx-u2604-1 kernel: ... version:                   0
кві 25 07:50:20 denixx-u2604-1 kernel: ... bit width:                 48
кві 25 07:50:20 denixx-u2604-1 kernel: ... generic counters:          6
кві 25 07:50:20 denixx-u2604-1 kernel: ... generic bitmap:            000000000000003f
кві 25 07:50:20 denixx-u2604-1 kernel: ... fixed-purpose counters:    0
кві 25 07:50:20 denixx-u2604-1 kernel: ... fixed-purpose bitmap:      0000000000000000
кві 25 07:50:20 denixx-u2604-1 kernel: ... value mask:                0000ffffffffffff
кві 25 07:50:20 denixx-u2604-1 kernel: ... max period:                00007fffffffffff
кві 25 07:50:20 denixx-u2604-1 kernel: ... global_ctrl mask:          000000000000003f
кві 25 07:50:20 denixx-u2604-1 kernel: signal: max sigframe size: 3376
кві 25 07:50:20 denixx-u2604-1 kernel: rcu: Hierarchical SRCU implementation.
кві 25 07:50:20 denixx-u2604-1 kernel: rcu:         Max phase no-delay instances is 400.
кві 25 07:50:20 denixx-u2604-1 kernel: Timer migration: 2 hierarchy levels; 8 children per group; 2 crossnode level
кві 25 07:50:20 denixx-u2604-1 kernel: NMI watchdog: Enabled. Permanently consumes one hw-PMU counter.
кві 25 07:50:20 denixx-u2604-1 kernel: smp: Bringing up secondary CPUs ...
кві 25 07:50:20 denixx-u2604-1 kernel: smpboot: x86: Booting SMP configuration:
кві 25 07:50:20 denixx-u2604-1 kernel: .... node  #0, CPUs:        #2  #4  #6  #8 #10 #12 #14  #1  #3  #5  #7  #9 #11 #13 #15
кві 25 07:50:20 denixx-u2604-1 kernel: Spectre V2 : Update user space SMT mitigation: STIBP always-on
кві 25 07:50:20 denixx-u2604-1 kernel: smp: Brought up 1 node, 16 CPUs
кві 25 07:50:20 denixx-u2604-1 kernel: smpboot: Total of 16 processors activated (102206.75 BogoMIPS)
кві 25 07:50:20 denixx-u2604-1 kernel: Memory: 63764208K/66261996K available (23771K kernel code, 4949K rwdata, 16748K rodata, 5292K init, 5860K bss, 2469812K reserved, 0K cma-reserved)
кві 25 07:50:20 denixx-u2604-1 kernel: devtmpfs: initialized
кві 25 07:50:20 denixx-u2604-1 kernel: x86/mm: Memory block size: 2048MB
кві 25 07:50:20 denixx-u2604-1 kernel: ACPI: PM: Registering ACPI NVS region [mem 0x09f00000-0x09f13fff] (81920 bytes)
кві 25 07:50:20 denixx-u2604-1 kernel: ACPI: PM: Registering ACPI NVS region [mem 0x92f7f000-0x9af7efff] (134217728 bytes)
кві 25 07:50:20 denixx-u2604-1 kernel: clocksource: jiffies: mask: 0xffffffff max_cycles: 0xffffffff, max_idle_ns: 1911260446275000 ns
кві 25 07:50:20 denixx-u2604-1 kernel: posixtimers hash table entries: 8192 (order: 5, 131072 bytes, linear)
кві 25 07:50:20 denixx-u2604-1 kernel: futex hash table entries: 4096 (262144 bytes on 1 NUMA nodes, total 256 KiB, linear).
кві 25 07:50:20 denixx-u2604-1 kernel: PM: RTC time: 05:50:20, date: 2026-04-25
кві 25 07:50:20 denixx-u2604-1 kernel: NET: Registered PF_NETLINK/PF_ROUTE protocol family
кві 25 07:50:20 denixx-u2604-1 kernel: DMA: preallocated 4096 KiB GFP_KERNEL pool for atomic allocations
кві 25 07:50:20 denixx-u2604-1 kernel: DMA: preallocated 4096 KiB GFP_KERNEL|GFP_DMA pool for atomic allocations
кві 25 07:50:20 denixx-u2604-1 kernel: DMA: preallocated 4096 KiB GFP_KERNEL|GFP_DMA32 pool for atomic allocations
кві 25 07:50:20 denixx-u2604-1 kernel: audit: initializing netlink subsys (disabled)
кві 25 07:50:20 denixx-u2604-1 kernel: audit: type=2000 audit(1777096219.173:1): state=initialized audit_enabled=0 res=1
кві 25 07:50:20 denixx-u2604-1 kernel: thermal_sys: Registered thermal governor 'fair_share'
кві 25 07:50:20 denixx-u2604-1 kernel: thermal_sys: Registered thermal governor 'bang_bang'
кві 25 07:50:20 denixx-u2604-1 kernel: thermal_sys: Registered thermal governor 'step_wise'
кві 25 07:50:20 denixx-u2604-1 kernel: thermal_sys: Registered thermal governor 'user_space'
кві 25 07:50:20 denixx-u2604-1 kernel: thermal_sys: Registered thermal governor 'power_allocator'
кві 25 07:50:20 denixx-u2604-1 kernel: cpuidle: using governor ladder
кві 25 07:50:20 denixx-u2604-1 kernel: cpuidle: using governor menu
кві 25 07:50:20 denixx-u2604-1 kernel: Simple Boot Flag at 0x44 set to 0x1
кві 25 07:50:20 denixx-u2604-1 kernel: efi: Freeing EFI boot services memory: 105284K
кві 25 07:50:20 denixx-u2604-1 kernel: ACPI FADT declares the system doesn't support PCIe ASPM, so disable it
кві 25 07:50:20 denixx-u2604-1 kernel: acpiphp: ACPI Hot Plug PCI Controller Driver version: 0.5
кві 25 07:50:20 denixx-u2604-1 kernel: PCI: ECAM [mem 0xe0000000-0xefffffff] (base 0xe0000000) for domain 0000 [bus 00-ff]
кві 25 07:50:20 denixx-u2604-1 kernel: PCI: Using configuration type 1 for base access
кві 25 07:50:20 denixx-u2604-1 kernel: kprobes: kprobe jump-optimization is enabled. All kprobes are optimized if possible.
кві 25 07:50:20 denixx-u2604-1 kernel: HugeTLB: registered 1.00 GiB page size, pre-allocated 0 pages
кві 25 07:50:20 denixx-u2604-1 kernel: HugeTLB: 16380 KiB vmemmap can be freed for a 1.00 GiB page
кві 25 07:50:20 denixx-u2604-1 kernel: HugeTLB: registered 2.00 MiB page size, pre-allocated 0 pages
кві 25 07:50:20 denixx-u2604-1 kernel: HugeTLB: 28 KiB vmemmap can be freed for a 2.00 MiB page
кві 25 07:50:20 denixx-u2604-1 kernel: ACPI: Added _OSI(Module Device)
кві 25 07:50:20 denixx-u2604-1 kernel: ACPI: Added _OSI(Processor Device)
кві 25 07:50:20 denixx-u2604-1 kernel: ACPI: Added _OSI(Processor Aggregator Device)
кві 25 07:50:20 denixx-u2604-1 kernel: ACPI: 27 ACPI AML tables successfully acquired and loaded
кві 25 07:50:20 denixx-u2604-1 kernel: ACPI: \_SB_: platform _OSC: OS support mask [006e7eff]
кві 25 07:50:20 denixx-u2604-1 kernel: ACPI: \_SB_: platform _OSC: OS control mask [006e7e7f]
кві 25 07:50:20 denixx-u2604-1 kernel: ACPI: USB4 _OSC: OS supports USB3+ DisplayPort+ PCIe+ XDomain+
кві 25 07:50:20 denixx-u2604-1 kernel: ACPI: USB4 _OSC: OS controls USB3+ DisplayPort+ PCIe+ XDomain+
кві 25 07:50:20 denixx-u2604-1 kernel: ACPI: EC: EC started
кві 25 07:50:20 denixx-u2604-1 kernel: ACPI: EC: interrupt blocked
кві 25 07:50:20 denixx-u2604-1 kernel: ACPI: EC: EC_CMD/EC_SC=0x66, EC_DATA=0x62
кві 25 07:50:20 denixx-u2604-1 kernel: ACPI: \_SB_.PCI0.LPC0.EC0_: Boot DSDT EC used to handle transactions
кві 25 07:50:20 denixx-u2604-1 kernel: ACPI: Interpreter enabled
кві 25 07:50:20 denixx-u2604-1 kernel: ACPI: PM: (supports S0 S4 S5)
кві 25 07:50:20 denixx-u2604-1 kernel: ACPI: Using IOAPIC for interrupt routing
кві 25 07:50:20 denixx-u2604-1 kernel: PCI: Using host bridge windows from ACPI; if necessary, use "pci=nocrs" and report a bug
кві 25 07:50:20 denixx-u2604-1 kernel: PCI: Ignoring E820 reservations for host bridge windows
кві 25 07:50:20 denixx-u2604-1 kernel: ACPI: Enabled 3 GPEs in block 00 to 1F
кві 25 07:50:20 denixx-u2604-1 kernel: ACPI: \_SB_.PCI0.GPP0.PG00: New power resource
кві 25 07:50:20 denixx-u2604-1 kernel: ACPI: \_SB_.PCI0.GPP1.P0NV: New power resource
кві 25 07:50:20 denixx-u2604-1 kernel: ACPI: \_SB_.PCI0.GPP5.P0LN: New power resource
кві 25 07:50:20 denixx-u2604-1 kernel: ACPI: \_SB_.PCI0.GP11.PWRS: New power resource
кві 25 07:50:20 denixx-u2604-1 kernel: ACPI: \_SB_.PCI0.GP11: Overriding _PRW sleep state (S4) by S0 from power resources
кві 25 07:50:20 denixx-u2604-1 kernel: ACPI: \_SB_.PCI0.GP11.SWUS.PWRS: New power resource
кві 25 07:50:20 denixx-u2604-1 kernel: ACPI: \_SB_.PCI0.GP12.PWRS: New power resource
кві 25 07:50:20 denixx-u2604-1 kernel: ACPI: \_SB_.PCI0.GP12: Overriding _PRW sleep state (S4) by S0 from power resources
кві 25 07:50:20 denixx-u2604-1 kernel: ACPI: \_SB_.PCI0.GP12.SWUS.PWRS: New power resource
кві 25 07:50:20 denixx-u2604-1 kernel: ACPI: \_SB_.PCI0.GP17.PWRS: New power resource
кві 25 07:50:20 denixx-u2604-1 kernel: ACPI: \_SB_.PCI0.GP17.VGA_.PWRS: New power resource
кві 25 07:50:20 denixx-u2604-1 kernel: ACPI: \_SB_.PCI0.GP17.ACP_.PWRS: New power resource
кві 25 07:50:20 denixx-u2604-1 kernel: ACPI: \_SB_.PCI0.GP17.AZAL.PWRS: New power resource
кві 25 07:50:20 denixx-u2604-1 kernel: ACPI: \_SB_.PCI0.GP17.HDAU.PWRS: New power resource
кві 25 07:50:20 denixx-u2604-1 kernel: ACPI: \_SB_.PCI0.GP17.XHC0.PWRS: New power resource
кві 25 07:50:20 denixx-u2604-1 kernel: ACPI: \_SB_.PCI0.GP17.XHC1.PWRS: New power resource
кві 25 07:50:20 denixx-u2604-1 kernel: ACPI: \_SB_.PCI0.GP19.XHC2.PWRS: New power resource
кві 25 07:50:20 denixx-u2604-1 kernel: ACPI: \_SB_.PCI0.GP19.NHI0.PWRS: New power resource
кві 25 07:50:20 denixx-u2604-1 kernel: ACPI: \_SB_.PCI0.GP19.NHI0: Overriding _PRW sleep state (S4) by S0 from power resources
кві 25 07:50:20 denixx-u2604-1 kernel: ACPI: \_SB_.PCI0.GP19.XHC3.PWRS: New power resource
кві 25 07:50:20 denixx-u2604-1 kernel: ACPI: \_SB_.PCI0.GP19.NHI1.PWRS: New power resource
кві 25 07:50:20 denixx-u2604-1 kernel: ACPI: \_SB_.PCI0.GP19.NHI1: Overriding _PRW sleep state (S4) by S0 from power resources
кві 25 07:50:20 denixx-u2604-1 kernel: ACPI: \_SB_.PCI0.GP19.XHC4.PWRS: New power resource
кві 25 07:50:20 denixx-u2604-1 kernel: ACPI: PCI Root Bridge [PCI0] (domain 0000 [bus 00-ff])
кві 25 07:50:20 denixx-u2604-1 kernel: acpi PNP0A08:00: _OSC: OS supports [ExtendedConfig ASPM ClockPM Segments MSI EDR HPX-Type3]
кві 25 07:50:20 denixx-u2604-1 kernel: acpi PNP0A08:00: _OSC: platform does not support [SHPCHotplug AER]
кві 25 07:50:20 denixx-u2604-1 kernel: acpi PNP0A08:00: _OSC: OS now controls [PCIeHotplug PME PCIeCapability LTR DPC]
кві 25 07:50:20 denixx-u2604-1 kernel: acpi PNP0A08:00: FADT indicates ASPM is unsupported, using BIOS configuration
кві 25 07:50:20 denixx-u2604-1 kernel: PCI host bridge to bus 0000:00
кві 25 07:50:20 denixx-u2604-1 kernel: pci_bus 0000:00: root bus resource [io  0x0000-0x0cf7 window]
кві 25 07:50:20 denixx-u2604-1 kernel: pci_bus 0000:00: root bus resource [io  0x0d00-0xffff window]
кві 25 07:50:20 denixx-u2604-1 kernel: pci_bus 0000:00: root bus resource [mem 0x000a0000-0x000bffff window]
кві 25 07:50:20 denixx-u2604-1 kernel: pci_bus 0000:00: root bus resource [mem 0x000c0000-0x000cffff window]
кві 25 07:50:20 denixx-u2604-1 kernel: pci_bus 0000:00: root bus resource [mem 0x000d0000-0x000effff window]
кві 25 07:50:20 denixx-u2604-1 kernel: pci_bus 0000:00: root bus resource [mem 0xa0000000-0xdfffffff window]
кві 25 07:50:20 denixx-u2604-1 kernel: pci_bus 0000:00: root bus resource [mem 0xf0000000-0xfdc00000 window]
кві 25 07:50:20 denixx-u2604-1 kernel: pci_bus 0000:00: root bus resource [mem 0xfed45000-0xfed814ff window]
кві 25 07:50:20 denixx-u2604-1 kernel: pci_bus 0000:00: root bus resource [mem 0xfed81900-0xfed81fff window]
кві 25 07:50:20 denixx-u2604-1 kernel: pci_bus 0000:00: root bus resource [mem 0xfedc0000-0xfedc0fff window]
кві 25 07:50:20 denixx-u2604-1 kernel: pci_bus 0000:00: root bus resource [mem 0xfedc6000-0xfedc6fff window]
кві 25 07:50:20 denixx-u2604-1 kernel: pci_bus 0000:00: root bus resource [mem 0x1080200000-0x891fffffff window]
кві 25 07:50:20 denixx-u2604-1 kernel: pci_bus 0000:00: root bus resource [bus 00-ff]
кві 25 07:50:20 denixx-u2604-1 kernel: pci 0000:00:00.0: [1022:14b5] type 00 class 0x060000 conventional PCI endpoint
кві 25 07:50:20 denixx-u2604-1 kernel: pci 0000:00:00.2: [1022:14b6] type 00 class 0x080600 conventional PCI endpoint
кві 25 07:50:20 denixx-u2604-1 kernel: pci 0000:00:01.0: [1022:14b7] type 00 class 0x060000 conventional PCI endpoint
кві 25 07:50:20 denixx-u2604-1 kernel: pci 0000:00:01.1: [1022:14b8] type 01 class 0x060400 PCIe Root Port
кві 25 07:50:20 denixx-u2604-1 kernel: pci 0000:00:01.1: PCI bridge to [bus 01]
кві 25 07:50:20 denixx-u2604-1 kernel: pci 0000:00:01.1:   bridge window [io  0x5000-0x5fff]
кві 25 07:50:20 denixx-u2604-1 kernel: pci 0000:00:01.1:   bridge window [mem 0xb8000000-0xb90fffff]
кві 25 07:50:20 denixx-u2604-1 kernel: pci 0000:00:01.1:   bridge window [mem 0x8600000000-0x8801ffffff 64bit pref]
кві 25 07:50:20 denixx-u2604-1 kernel: pci 0000:00:01.1: PME# supported from D0 D3hot D3cold
кві 25 07:50:20 denixx-u2604-1 kernel: pci 0000:00:01.2: [1022:14b8] type 01 class 0x060400 PCIe Root Port
кві 25 07:50:20 denixx-u2604-1 kernel: pci 0000:00:01.2: PCI bridge to [bus 02]
кві 25 07:50:20 denixx-u2604-1 kernel: pci 0000:00:01.2:   bridge window [mem 0xb9c00000-0xb9cfffff]
кві 25 07:50:20 denixx-u2604-1 kernel: pci 0000:00:01.2: PME# supported from D0 D3hot D3cold
кві 25 07:50:20 denixx-u2604-1 kernel: pci 0000:00:02.0: [1022:14b7] type 00 class 0x060000 conventional PCI endpoint
кві 25 07:50:20 denixx-u2604-1 kernel: pci 0000:00:02.1: [1022:14ba] type 01 class 0x060400 PCIe Root Port
кві 25 07:50:20 denixx-u2604-1 kernel: pci 0000:00:02.1: PCI bridge to [bus 03]
кві 25 07:50:20 denixx-u2604-1 kernel: pci 0000:00:02.1:   bridge window [io  0x4000-0x4fff]
кві 25 07:50:20 denixx-u2604-1 kernel: pci 0000:00:02.1:   bridge window [mem 0xb9b00000-0xb9bfffff]
кві 25 07:50:20 denixx-u2604-1 kernel: pci 0000:00:02.1: PME# supported from D0 D3hot D3cold
кві 25 07:50:20 denixx-u2604-1 kernel: pci 0000:00:02.2: [1022:14ba] type 01 class 0x060400 PCIe Root Port
кві 25 07:50:20 denixx-u2604-1 kernel: pci 0000:00:02.2: PCI bridge to [bus 04]
кві 25 07:50:20 denixx-u2604-1 kernel: pci 0000:00:02.2:   bridge window [mem 0xb9a00000-0xb9afffff]
кві 25 07:50:20 denixx-u2604-1 kernel: pci 0000:00:02.2:   bridge window [mem 0x8838000000-0x88380fffff 64bit pref]
кві 25 07:50:20 denixx-u2604-1 kernel: pci 0000:00:02.2: PME# supported from D0 D3hot D3cold
кві 25 07:50:20 denixx-u2604-1 kernel: pci 0000:00:02.3: [1022:14ba] type 01 class 0x060400 PCIe Root Port
кві 25 07:50:20 denixx-u2604-1 kernel: pci 0000:00:02.3: PCI bridge to [bus 05]
кві 25 07:50:20 denixx-u2604-1 kernel: pci 0000:00:02.3:   bridge window [mem 0xb9900000-0xb99fffff]
кві 25 07:50:20 denixx-u2604-1 kernel: pci 0000:00:02.3: PME# supported from D0 D3hot D3cold
кві 25 07:50:20 denixx-u2604-1 kernel: pci 0000:00:03.0: [1022:14b7] type 00 class 0x060000 conventional PCI endpoint
кві 25 07:50:20 denixx-u2604-1 kernel: pci 0000:00:03.1: [1022:14cd] type 01 class 0x060400 PCIe Root Port
кві 25 07:50:20 denixx-u2604-1 kernel: pci 0000:00:03.1: PCI bridge to [bus 06-74]
кві 25 07:50:20 denixx-u2604-1 kernel: pci 0000:00:03.1:   bridge window [io  0x2000-0x3fff]
кві 25 07:50:20 denixx-u2604-1 kernel: pci 0000:00:03.1:   bridge window [mem 0xa0000000-0xb7ffffff]
кві 25 07:50:20 denixx-u2604-1 kernel: pci 0000:00:03.1:   bridge window [mem 0x8810000000-0x8837ffffff 64bit pref]
кві 25 07:50:20 denixx-u2604-1 kernel: pci 0000:00:03.1: PME# supported from D0 D3hot D3cold
кві 25 07:50:20 denixx-u2604-1 kernel: pci 0000:00:04.0: [1022:14b7] type 00 class 0x060000 conventional PCI endpoint
кві 25 07:50:20 denixx-u2604-1 kernel: pci 0000:00:08.0: [1022:14b7] type 00 class 0x060000 conventional PCI endpoint
кві 25 07:50:20 denixx-u2604-1 kernel: pci 0000:00:08.1: [1022:14b9] type 01 class 0x060400 PCIe Root Port
кві 25 07:50:20 denixx-u2604-1 kernel: pci 0000:00:08.1: PCI bridge to [bus 75]
кві 25 07:50:20 denixx-u2604-1 kernel: pci 0000:00:08.1:   bridge window [io  0x1000-0x1fff]
кві 25 07:50:20 denixx-u2604-1 kernel: pci 0000:00:08.1:   bridge window [mem 0xb9500000-0xb98fffff]
кві 25 07:50:20 denixx-u2604-1 kernel: pci 0000:00:08.1:   bridge window [mem 0x8840000000-0x88501fffff 64bit pref]
кві 25 07:50:20 denixx-u2604-1 kernel: pci 0000:00:08.1: enabling Extended Tags
кві 25 07:50:20 denixx-u2604-1 kernel: pci 0000:00:08.1: PME# supported from D0 D3hot D3cold
кві 25 07:50:20 denixx-u2604-1 kernel: pci 0000:00:08.3: [1022:14b9] type 01 class 0x060400 PCIe Root Port
кві 25 07:50:20 denixx-u2604-1 kernel: pci 0000:00:08.3: PCI bridge to [bus 76]
кві 25 07:50:20 denixx-u2604-1 kernel: pci 0000:00:08.3:   bridge window [mem 0xb9100000-0xb94fffff]
кві 25 07:50:20 denixx-u2604-1 kernel: pci 0000:00:08.3: enabling Extended Tags
кві 25 07:50:20 denixx-u2604-1 kernel: pci 0000:00:08.3: PME# supported from D0 D3hot D3cold
кві 25 07:50:20 denixx-u2604-1 kernel: pci 0000:00:14.0: [1022:790b] type 00 class 0x0c0500 conventional PCI endpoint
кві 25 07:50:20 denixx-u2604-1 kernel: pci 0000:00:14.3: [1022:790e] type 00 class 0x060100 conventional PCI endpoint
кві 25 07:50:20 denixx-u2604-1 kernel: pci 0000:00:18.0: [1022:1679] type 00 class 0x060000 conventional PCI endpoint
кві 25 07:50:20 denixx-u2604-1 kernel: pci 0000:00:18.1: [1022:167a] type 00 class 0x060000 conventional PCI endpoint
кві 25 07:50:20 denixx-u2604-1 kernel: pci 0000:00:18.2: [1022:167b] type 00 class 0x060000 conventional PCI endpoint
кві 25 07:50:20 denixx-u2604-1 kernel: pci 0000:00:18.3: [1022:167c] type 00 class 0x060000 conventional PCI endpoint
кві 25 07:50:20 denixx-u2604-1 kernel: pci 0000:00:18.4: [1022:167d] type 00 class 0x060000 conventional PCI endpoint
кві 25 07:50:20 denixx-u2604-1 kernel: pci 0000:00:18.5: [1022:167e] type 00 class 0x060000 conventional PCI endpoint
кві 25 07:50:20 denixx-u2604-1 kernel: pci 0000:00:18.6: [1022:167f] type 00 class 0x060000 conventional PCI endpoint
кві 25 07:50:20 denixx-u2604-1 kernel: pci 0000:00:18.7: [1022:1680] type 00 class 0x060000 conventional PCI endpoint
кві 25 07:50:20 denixx-u2604-1 kernel: pci 0000:01:00.0: [10de:28e1] type 00 class 0x030000 PCIe Legacy Endpoint
кві 25 07:50:20 denixx-u2604-1 kernel: pci 0000:01:00.0: BAR 0 [mem 0xb8000000-0xb8ffffff]
кві 25 07:50:20 denixx-u2604-1 kernel: pci 0000:01:00.0: BAR 1 [mem 0x8600000000-0x87ffffffff 64bit pref]
кві 25 07:50:20 denixx-u2604-1 kernel: pci 0000:01:00.0: BAR 3 [mem 0x8800000000-0x8801ffffff 64bit pref]
кві 25 07:50:20 denixx-u2604-1 kernel: pci 0000:01:00.0: BAR 5 [io  0x5000-0x507f]
кві 25 07:50:20 denixx-u2604-1 kernel: pci 0000:01:00.0: ROM [mem 0xfff80000-0xffffffff pref]
кві 25 07:50:20 denixx-u2604-1 kernel: pci 0000:01:00.0: PME# supported from D0 D3hot
кві 25 07:50:20 denixx-u2604-1 kernel: pci 0000:01:00.1: [10de:22be] type 00 class 0x040300 PCIe Endpoint
кві 25 07:50:20 denixx-u2604-1 kernel: pci 0000:01:00.1: BAR 0 [mem 0xb9000000-0xb9003fff]
кві 25 07:50:20 denixx-u2604-1 kernel: pci 0000:00:01.1: PCI bridge to [bus 01]
кві 25 07:50:20 denixx-u2604-1 kernel: pci 0000:02:00.0: [1c5c:1959] type 00 class 0x010802 PCIe Endpoint
кві 25 07:50:20 denixx-u2604-1 kernel: pci 0000:02:00.0: BAR 0 [mem 0xb9c00000-0xb9c03fff 64bit]
кві 25 07:50:20 denixx-u2604-1 kernel: pci 0000:00:01.2: PCI bridge to [bus 02]
кві 25 07:50:20 denixx-u2604-1 kernel: pci 0000:03:00.0: [10ec:2600] type 00 class 0x020000 PCIe Endpoint
кві 25 07:50:20 denixx-u2604-1 kernel: pci 0000:03:00.0: BAR 0 [io  0x4000-0x40ff]
кві 25 07:50:20 denixx-u2604-1 kernel: pci 0000:03:00.0: BAR 2 [mem 0xb9b04000-0xb9b04fff 64bit]
кві 25 07:50:20 denixx-u2604-1 kernel: pci 0000:03:00.0: BAR 4 [mem 0xb9b00000-0xb9b03fff 64bit]
кві 25 07:50:20 denixx-u2604-1 kernel: pci 0000:03:00.0: supports D1 D2
кві 25 07:50:20 denixx-u2604-1 kernel: pci 0000:03:00.0: PME# supported from D0 D1 D2 D3hot D3cold
кві 25 07:50:20 denixx-u2604-1 kernel: pci 0000:00:02.1: PCI bridge to [bus 03]
кві 25 07:50:20 denixx-u2604-1 kernel: pci 0000:04:00.0: [14c3:0616] type 00 class 0x028000 PCIe Endpoint
кві 25 07:50:20 denixx-u2604-1 kernel: pci 0000:04:00.0: BAR 0 [mem 0x8838000000-0x88380fffff 64bit pref]
кві 25 07:50:20 denixx-u2604-1 kernel: pci 0000:04:00.0: BAR 2 [mem 0xb9a00000-0xb9a07fff 64bit]
кві 25 07:50:20 denixx-u2604-1 kernel: pci 0000:04:00.0: PME# supported from D0 D3hot D3cold
кві 25 07:50:20 denixx-u2604-1 kernel: pci 0000:00:02.2: PCI bridge to [bus 04]
кві 25 07:50:20 denixx-u2604-1 kernel: pci 0000:05:00.0: [10ec:522a] type 00 class 0xff0000 PCIe Endpoint
кві 25 07:50:20 denixx-u2604-1 kernel: pci 0000:05:00.0: BAR 0 [mem 0xb9900000-0xb9900fff]
кві 25 07:50:20 denixx-u2604-1 kernel: pci 0000:05:00.0: supports D1 D2
кві 25 07:50:20 denixx-u2604-1 kernel: pci 0000:05:00.0: PME# supported from D1 D2 D3hot D3cold
кві 25 07:50:20 denixx-u2604-1 kernel: pci 0000:00:02.3: PCI bridge to [bus 05]
кві 25 07:50:20 denixx-u2604-1 kernel: pci 0000:00:03.1: PCI bridge to [bus 06-74]
кві 25 07:50:20 denixx-u2604-1 kernel: pci 0000:75:00.0: [1002:1681] type 00 class 0x030000 PCIe Legacy Endpoint
кві 25 07:50:20 denixx-u2604-1 kernel: pci 0000:75:00.0: BAR 0 [mem 0x8840000000-0x884fffffff 64bit pref]
кві 25 07:50:20 denixx-u2604-1 kernel: pci 0000:75:00.0: BAR 2 [mem 0x8850000000-0x88501fffff 64bit pref]
кві 25 07:50:20 denixx-u2604-1 kernel: pci 0000:75:00.0: BAR 4 [io  0x1000-0x10ff]
кві 25 07:50:20 denixx-u2604-1 kernel: pci 0000:75:00.0: BAR 5 [mem 0xb9800000-0xb987ffff]
кві 25 07:50:20 denixx-u2604-1 kernel: pci 0000:75:00.0: enabling Extended Tags
кві 25 07:50:20 denixx-u2604-1 kernel: pci 0000:75:00.0: PME# supported from D1 D2 D3hot D3cold
кві 25 07:50:20 denixx-u2604-1 kernel: pci 0000:75:00.1: [1002:1640] type 00 class 0x040300 PCIe Legacy Endpoint
кві 25 07:50:20 denixx-u2604-1 kernel: pci 0000:75:00.1: BAR 0 [mem 0xb98c8000-0xb98cbfff]
кві 25 07:50:20 denixx-u2604-1 kernel: pci 0000:75:00.1: enabling Extended Tags
кві 25 07:50:20 denixx-u2604-1 kernel: pci 0000:75:00.1: PME# supported from D1 D2 D3hot D3cold
кві 25 07:50:20 denixx-u2604-1 kernel: pci 0000:75:00.2: [1022:1649] type 00 class 0x108000 PCIe Endpoint
кві 25 07:50:20 denixx-u2604-1 kernel: pci 0000:75:00.2: BAR 2 [mem 0xb9700000-0xb97fffff]
кві 25 07:50:20 denixx-u2604-1 kernel: pci 0000:75:00.2: BAR 5 [mem 0xb98cc000-0xb98cdfff]
кві 25 07:50:20 denixx-u2604-1 kernel: pci 0000:75:00.2: enabling Extended Tags
кві 25 07:50:20 denixx-u2604-1 kernel: pci 0000:75:00.3: [1022:161d] type 00 class 0x0c0330 PCIe Endpoint
кві 25 07:50:20 denixx-u2604-1 kernel: pci 0000:75:00.3: BAR 0 [mem 0xb9500000-0xb95fffff 64bit]
кві 25 07:50:20 denixx-u2604-1 kernel: pci 0000:75:00.3: enabling Extended Tags
кві 25 07:50:20 denixx-u2604-1 kernel: pci 0000:75:00.3: PME# supported from D0 D3hot D3cold
кві 25 07:50:20 denixx-u2604-1 kernel: pci 0000:75:00.4: [1022:161e] type 00 class 0x0c0330 PCIe Endpoint
кві 25 07:50:20 denixx-u2604-1 kernel: pci 0000:75:00.4: BAR 0 [mem 0xb9600000-0xb96fffff 64bit]
кві 25 07:50:20 denixx-u2604-1 kernel: pci 0000:75:00.4: enabling Extended Tags
кві 25 07:50:20 denixx-u2604-1 kernel: pci 0000:75:00.4: PME# supported from D0 D3hot D3cold
кві 25 07:50:20 denixx-u2604-1 kernel: pci 0000:75:00.5: [1022:15e2] type 00 class 0x048000 PCIe Endpoint
кві 25 07:50:20 denixx-u2604-1 kernel: pci 0000:75:00.5: BAR 0 [mem 0xb9880000-0xb98bffff]
кві 25 07:50:20 denixx-u2604-1 kernel: pci 0000:75:00.5: enabling Extended Tags
кві 25 07:50:20 denixx-u2604-1 kernel: pci 0000:75:00.5: PME# supported from D0 D3hot D3cold
кві 25 07:50:20 denixx-u2604-1 kernel: pci 0000:75:00.6: [1022:15e3] type 00 class 0x040300 PCIe Endpoint
кві 25 07:50:20 denixx-u2604-1 kernel: pci 0000:75:00.6: BAR 0 [mem 0xb98c0000-0xb98c7fff]
кві 25 07:50:20 denixx-u2604-1 kernel: pci 0000:75:00.6: enabling Extended Tags
кві 25 07:50:20 denixx-u2604-1 kernel: pci 0000:75:00.6: PME# supported from D0 D3hot D3cold
кві 25 07:50:20 denixx-u2604-1 kernel: pci 0000:00:08.1: PCI bridge to [bus 75]
кві 25 07:50:20 denixx-u2604-1 kernel: pci 0000:76:00.0: [1022:161f] type 00 class 0x0c0330 PCIe Endpoint
кві 25 07:50:20 denixx-u2604-1 kernel: pci 0000:76:00.0: BAR 0 [mem 0xb9100000-0xb91fffff 64bit]
кві 25 07:50:20 denixx-u2604-1 kernel: pci 0000:76:00.0: enabling Extended Tags
кві 25 07:50:20 denixx-u2604-1 kernel: pci 0000:76:00.0: PME# supported from D0 D3hot D3cold
кві 25 07:50:20 denixx-u2604-1 kernel: pci 0000:76:00.3: [1022:15d6] type 00 class 0x0c0330 PCIe Endpoint
кві 25 07:50:20 denixx-u2604-1 kernel: pci 0000:76:00.3: BAR 0 [mem 0xb9200000-0xb92fffff 64bit]
кві 25 07:50:20 denixx-u2604-1 kernel: pci 0000:76:00.3: enabling Extended Tags
кві 25 07:50:20 denixx-u2604-1 kernel: pci 0000:76:00.3: PME# supported from D0 D3hot D3cold
кві 25 07:50:20 denixx-u2604-1 kernel: pci 0000:76:00.4: [1022:15d7] type 00 class 0x0c0330 PCIe Endpoint
кві 25 07:50:20 denixx-u2604-1 kernel: pci 0000:76:00.4: BAR 0 [mem 0xb9300000-0xb93fffff 64bit]
кві 25 07:50:20 denixx-u2604-1 kernel: pci 0000:76:00.4: enabling Extended Tags
кві 25 07:50:20 denixx-u2604-1 kernel: pci 0000:76:00.4: PME# supported from D0 D3hot D3cold
кві 25 07:50:20 denixx-u2604-1 kernel: pci 0000:76:00.5: [1022:162e] type 00 class 0x0c0340 PCIe Endpoint
кві 25 07:50:20 denixx-u2604-1 kernel: pci 0000:76:00.5: BAR 0 [mem 0xb9400000-0xb947ffff 64bit]
кві 25 07:50:20 denixx-u2604-1 kernel: pci 0000:76:00.5: Max Payload Size set to 128 (was 256, max 256)
кві 25 07:50:20 denixx-u2604-1 kernel: pci 0000:76:00.5: enabling Extended Tags
кві 25 07:50:20 denixx-u2604-1 kernel: pci 0000:76:00.5: PME# supported from D0 D3hot D3cold
кві 25 07:50:20 denixx-u2604-1 kernel: pci 0000:00:08.3: PCI bridge to [bus 76]
кві 25 07:50:20 denixx-u2604-1 kernel: ACPI: PCI: Interrupt link LNKA configured for IRQ 0
кві 25 07:50:20 denixx-u2604-1 kernel: ACPI: PCI: Interrupt link LNKA disabled
кві 25 07:50:20 denixx-u2604-1 kernel: ACPI: PCI: Interrupt link LNKB configured for IRQ 0
кві 25 07:50:20 denixx-u2604-1 kernel: ACPI: PCI: Interrupt link LNKB disabled
кві 25 07:50:20 denixx-u2604-1 kernel: ACPI: PCI: Interrupt link LNKC configured for IRQ 0
кві 25 07:50:20 denixx-u2604-1 kernel: ACPI: PCI: Interrupt link LNKC disabled
кві 25 07:50:20 denixx-u2604-1 kernel: ACPI: PCI: Interrupt link LNKD configured for IRQ 0
кві 25 07:50:20 denixx-u2604-1 kernel: ACPI: PCI: Interrupt link LNKD disabled
кві 25 07:50:20 denixx-u2604-1 kernel: ACPI: PCI: Interrupt link LNKE configured for IRQ 0
кві 25 07:50:20 denixx-u2604-1 kernel: ACPI: PCI: Interrupt link LNKE disabled
кві 25 07:50:20 denixx-u2604-1 kernel: ACPI: PCI: Interrupt link LNKF configured for IRQ 0
кві 25 07:50:20 denixx-u2604-1 kernel: ACPI: PCI: Interrupt link LNKF disabled
кві 25 07:50:20 denixx-u2604-1 kernel: ACPI: PCI: Interrupt link LNKG configured for IRQ 0
кві 25 07:50:20 denixx-u2604-1 kernel: ACPI: PCI: Interrupt link LNKG disabled
кві 25 07:50:20 denixx-u2604-1 kernel: ACPI: PCI: Interrupt link LNKH configured for IRQ 0
кві 25 07:50:20 denixx-u2604-1 kernel: ACPI: PCI: Interrupt link LNKH disabled
кві 25 07:50:20 denixx-u2604-1 kernel: Low-power S0 idle used by default for system suspend
кві 25 07:50:20 denixx-u2604-1 kernel: ACPI: EC: interrupt unblocked
кві 25 07:50:20 denixx-u2604-1 kernel: ACPI: EC: event unblocked
кві 25 07:50:20 denixx-u2604-1 kernel: ACPI: EC: EC_CMD/EC_SC=0x66, EC_DATA=0x62
кві 25 07:50:20 denixx-u2604-1 kernel: ACPI: EC: GPE=0x17
кві 25 07:50:20 denixx-u2604-1 kernel: ACPI: \_SB_.PCI0.LPC0.EC0_: Boot DSDT EC initialization complete
кві 25 07:50:20 denixx-u2604-1 kernel: ACPI: \_SB_.PCI0.LPC0.EC0_: EC: Used to handle transactions and events
кві 25 07:50:20 denixx-u2604-1 kernel: iommu: Default domain type: Translated
кві 25 07:50:20 denixx-u2604-1 kernel: iommu: DMA domain TLB invalidation policy: lazy mode
кві 25 07:50:20 denixx-u2604-1 kernel: SCSI subsystem initialized
кві 25 07:50:20 denixx-u2604-1 kernel: libata version 3.00 loaded.
кві 25 07:50:20 denixx-u2604-1 kernel: ACPI: bus type USB registered
кві 25 07:50:20 denixx-u2604-1 kernel: usbcore: registered new interface driver usbfs
кві 25 07:50:20 denixx-u2604-1 kernel: usbcore: registered new interface driver hub
кві 25 07:50:20 denixx-u2604-1 kernel: usbcore: registered new device driver usb
кві 25 07:50:20 denixx-u2604-1 kernel: pps_core: LinuxPPS API ver. 1 registered
кві 25 07:50:20 denixx-u2604-1 kernel: pps_core: Software ver. 5.3.6 - Copyright 2005-2007 Rodolfo Giometti <giometti@linux.it>
кві 25 07:50:20 denixx-u2604-1 kernel: PTP clock support registered
кві 25 07:50:20 denixx-u2604-1 kernel: EDAC MC: Ver: 3.0.0
кві 25 07:50:20 denixx-u2604-1 kernel: efivars: Registered efivars operations
кві 25 07:50:20 denixx-u2604-1 kernel: NetLabel: Initializing
кві 25 07:50:20 denixx-u2604-1 kernel: NetLabel:  domain hash size = 128
кві 25 07:50:20 denixx-u2604-1 kernel: NetLabel:  protocols = UNLABELED CIPSOv4 CALIPSO
кві 25 07:50:20 denixx-u2604-1 kernel: NetLabel:  unlabeled traffic allowed by default
кві 25 07:50:20 denixx-u2604-1 kernel: mctp: management component transport protocol core
кві 25 07:50:20 denixx-u2604-1 kernel: NET: Registered PF_MCTP protocol family
кві 25 07:50:20 denixx-u2604-1 kernel: PCI: Using ACPI for IRQ routing
кві 25 07:50:20 denixx-u2604-1 kernel: PCI: pci_cache_line_size set to 64 bytes
кві 25 07:50:20 denixx-u2604-1 kernel: e820: register RAM buffer resource [mem 0x0009f000-0x0009ffff]
кві 25 07:50:20 denixx-u2604-1 kernel: e820: register RAM buffer resource [mem 0x09b00000-0x0bffffff]
кві 25 07:50:20 denixx-u2604-1 kernel: e820: register RAM buffer resource [mem 0x09f00000-0x0bffffff]
кві 25 07:50:20 denixx-u2604-1 kernel: e820: register RAM buffer resource [mem 0x7ffff000-0x7fffffff]
кві 25 07:50:20 denixx-u2604-1 kernel: e820: register RAM buffer resource [mem 0x805d0000-0x83ffffff]
кві 25 07:50:20 denixx-u2604-1 kernel: e820: register RAM buffer resource [mem 0x82364000-0x83ffffff]
кві 25 07:50:20 denixx-u2604-1 kernel: e820: register RAM buffer resource [mem 0x8456d000-0x87ffffff]
кві 25 07:50:20 denixx-u2604-1 kernel: e820: register RAM buffer resource [mem 0x8af5d000-0x8bffffff]
кві 25 07:50:20 denixx-u2604-1 kernel: e820: register RAM buffer resource [mem 0x8d307000-0x8fffffff]
кві 25 07:50:20 denixx-u2604-1 kernel: e820: register RAM buffer resource [mem 0x9077f000-0x93ffffff]
кві 25 07:50:20 denixx-u2604-1 kernel: e820: register RAM buffer resource [mem 0x9b000000-0x9bffffff]
кві 25 07:50:20 denixx-u2604-1 kernel: e820: register RAM buffer resource [mem 0x103e300000-0x103fffffff]
кві 25 07:50:20 denixx-u2604-1 kernel: pci 0000:01:00.0: vgaarb: bridge control possible
кві 25 07:50:20 denixx-u2604-1 kernel: pci 0000:01:00.0: vgaarb: VGA device added: decodes=io+mem,owns=none,locks=none
кві 25 07:50:20 denixx-u2604-1 kernel: pci 0000:75:00.0: vgaarb: setting as boot VGA device
кві 25 07:50:20 denixx-u2604-1 kernel: pci 0000:75:00.0: vgaarb: bridge control possible
кві 25 07:50:20 denixx-u2604-1 kernel: pci 0000:75:00.0: vgaarb: VGA device added: decodes=io+mem,owns=none,locks=none
кві 25 07:50:20 denixx-u2604-1 kernel: vgaarb: loaded
кві 25 07:50:20 denixx-u2604-1 kernel: hpet0: at MMIO 0xfed00000, IRQs 2, 8, 0
кві 25 07:50:20 denixx-u2604-1 kernel: hpet0: 3 comparators, 32-bit 14.318180 MHz counter
кві 25 07:50:20 denixx-u2604-1 kernel: clocksource: Switched to clocksource tsc-early
кві 25 07:50:20 denixx-u2604-1 kernel: VFS: Disk quotas dquot_6.6.0
кві 25 07:50:20 denixx-u2604-1 kernel: VFS: Dquot-cache hash table entries: 512 (order 0, 4096 bytes)
кві 25 07:50:20 denixx-u2604-1 kernel: AppArmor: AppArmor Filesystem Enabled
кві 25 07:50:20 denixx-u2604-1 kernel: acpi PNP0C02:00: Could not reserve [mem 0xfec00000-0xfec01fff]
кві 25 07:50:20 denixx-u2604-1 kernel: acpi PNP0C02:00: Reserved [mem 0xfee00000-0xfee00fff]
кві 25 07:50:20 denixx-u2604-1 kernel: acpi PNP0C02:00: Reserved [mem 0xfde00000-0xfdefffff]
кві 25 07:50:20 denixx-u2604-1 kernel: acpi PNP0C02:01: Skipped [io  0x0010-0x001f]
кві 25 07:50:20 denixx-u2604-1 kernel: acpi PNP0C02:01: Skipped [io  0x0072-0x0073]
кві 25 07:50:20 denixx-u2604-1 kernel: acpi PNP0C02:01: Skipped [io  0x0080]
кві 25 07:50:20 denixx-u2604-1 kernel: acpi PNP0C02:01: Skipped [io  0x00b0-0x00b1]
кві 25 07:50:20 denixx-u2604-1 kernel: acpi PNP0C02:01: Skipped [io  0x0092]
кві 25 07:50:20 denixx-u2604-1 kernel: acpi PNP0C02:01: Reserved [io  0x0400-0x04cf]
кві 25 07:50:20 denixx-u2604-1 kernel: acpi PNP0C02:01: Reserved [io  0x04d0-0x04d1]
кві 25 07:50:20 denixx-u2604-1 kernel: acpi PNP0C02:01: Reserved [io  0x04d6]
кві 25 07:50:20 denixx-u2604-1 kernel: acpi PNP0C02:01: Reserved [io  0x0c00-0x0c01]
кві 25 07:50:20 denixx-u2604-1 kernel: acpi PNP0C02:01: Reserved [io  0x0c14]
кві 25 07:50:20 denixx-u2604-1 kernel: acpi PNP0C02:01: Reserved [io  0x0c50-0x0c52]
кві 25 07:50:20 denixx-u2604-1 kernel: acpi PNP0C02:01: Reserved [io  0x0c6c]
кві 25 07:50:20 denixx-u2604-1 kernel: acpi PNP0C02:01: Reserved [io  0x0c6f]
кві 25 07:50:20 denixx-u2604-1 kernel: acpi PNP0C02:01: Reserved [io  0x0cd0-0x0cdb]
кві 25 07:50:20 denixx-u2604-1 kernel: acpi PNP0C01:00: Could not reserve [mem 0x000e0000-0x000fffff]
кві 25 07:50:20 denixx-u2604-1 kernel: acpi PNP0C01:00: Could not reserve [mem 0xfe000000-0xffffffff]
кві 25 07:50:20 denixx-u2604-1 kernel: pnp: PnP ACPI init
кві 25 07:50:20 denixx-u2604-1 kernel: pnp: PnP ACPI: found 2 devices
кві 25 07:50:20 denixx-u2604-1 kernel: clocksource: acpi_pm: mask: 0xffffff max_cycles: 0xffffff, max_idle_ns: 2085701024 ns
кві 25 07:50:20 denixx-u2604-1 kernel: NET: Registered PF_INET protocol family
кві 25 07:50:20 denixx-u2604-1 kernel: IP idents hash table entries: 262144 (order: 9, 2097152 bytes, linear)
кві 25 07:50:20 denixx-u2604-1 kernel: tcp_listen_portaddr_hash hash table entries: 32768 (order: 7, 524288 bytes, linear)
кві 25 07:50:20 denixx-u2604-1 kernel: Table-perturb hash table entries: 65536 (order: 6, 262144 bytes, linear)
кві 25 07:50:20 denixx-u2604-1 kernel: TCP established hash table entries: 524288 (order: 10, 4194304 bytes, linear)
кві 25 07:50:20 denixx-u2604-1 kernel: TCP bind hash table entries: 65536 (order: 9, 2097152 bytes, linear)
кві 25 07:50:20 denixx-u2604-1 kernel: TCP: Hash tables configured (established 524288 bind 65536)
кві 25 07:50:20 denixx-u2604-1 kernel: MPTCP token hash table entries: 65536 (order: 9, 1572864 bytes, linear)
кві 25 07:50:20 denixx-u2604-1 kernel: UDP hash table entries: 32768 (order: 9, 2097152 bytes, linear)
кві 25 07:50:20 denixx-u2604-1 kernel: UDP-Lite hash table entries: 32768 (order: 9, 2097152 bytes, linear)
кві 25 07:50:20 denixx-u2604-1 kernel: NET: Registered PF_UNIX/PF_LOCAL protocol family
кві 25 07:50:20 denixx-u2604-1 kernel: NET: Registered PF_XDP protocol family
кві 25 07:50:20 denixx-u2604-1 kernel: pci 0000:01:00.0: ROM [mem 0xfff80000-0xffffffff pref]: can't claim; no compatible bridge window
кві 25 07:50:20 denixx-u2604-1 kernel: pci 0000:00:02.3: bridge window [io  0x1000-0x0fff] to [bus 05] add_size 1000
кві 25 07:50:20 denixx-u2604-1 kernel: pci 0000:00:02.3: bridge window [mem 0x00100000-0x000fffff 64bit pref] to [bus 05] add_size 200000 add_align 100000
кві 25 07:50:20 denixx-u2604-1 kernel: pci 0000:00:02.3: bridge window [mem 0x1080200000-0x10803fffff 64bit pref]: assigned
кві 25 07:50:20 denixx-u2604-1 kernel: pci 0000:00:02.3: bridge window [io  0x6000-0x6fff]: assigned
кві 25 07:50:20 denixx-u2604-1 kernel: pci 0000:01:00.0: ROM [mem 0xb9080000-0xb90fffff pref]: assigned
кві 25 07:50:20 denixx-u2604-1 kernel: pci 0000:00:01.1: PCI bridge to [bus 01]
кві 25 07:50:20 denixx-u2604-1 kernel: pci 0000:00:01.1:   bridge window [io  0x5000-0x5fff]
кві 25 07:50:20 denixx-u2604-1 kernel: pci 0000:00:01.1:   bridge window [mem 0xb8000000-0xb90fffff]
кві 25 07:50:20 denixx-u2604-1 kernel: pci 0000:00:01.1:   bridge window [mem 0x8600000000-0x8801ffffff 64bit pref]
кві 25 07:50:20 denixx-u2604-1 kernel: pci 0000:00:01.2: PCI bridge to [bus 02]
кві 25 07:50:20 denixx-u2604-1 kernel: pci 0000:00:01.2:   bridge window [mem 0xb9c00000-0xb9cfffff]
кві 25 07:50:20 denixx-u2604-1 kernel: pci 0000:00:02.1: PCI bridge to [bus 03]
кві 25 07:50:20 denixx-u2604-1 kernel: pci 0000:00:02.1:   bridge window [io  0x4000-0x4fff]
кві 25 07:50:20 denixx-u2604-1 kernel: pci 0000:00:02.1:   bridge window [mem 0xb9b00000-0xb9bfffff]
кві 25 07:50:20 denixx-u2604-1 kernel: pci 0000:00:02.2: PCI bridge to [bus 04]
кві 25 07:50:20 denixx-u2604-1 kernel: pci 0000:00:02.2:   bridge window [mem 0xb9a00000-0xb9afffff]
кві 25 07:50:20 denixx-u2604-1 kernel: pci 0000:00:02.2:   bridge window [mem 0x8838000000-0x88380fffff 64bit pref]
кві 25 07:50:20 denixx-u2604-1 kernel: pci 0000:00:02.3: PCI bridge to [bus 05]
кві 25 07:50:20 denixx-u2604-1 kernel: pci 0000:00:02.3:   bridge window [io  0x6000-0x6fff]
кві 25 07:50:20 denixx-u2604-1 kernel: pci 0000:00:02.3:   bridge window [mem 0xb9900000-0xb99fffff]
кві 25 07:50:20 denixx-u2604-1 kernel: pci 0000:00:02.3:   bridge window [mem 0x1080200000-0x10803fffff 64bit pref]
кві 25 07:50:20 denixx-u2604-1 kernel: pci 0000:00:03.1: PCI bridge to [bus 06-74]
кві 25 07:50:20 denixx-u2604-1 kernel: pci 0000:00:03.1:   bridge window [io  0x2000-0x3fff]
кві 25 07:50:20 denixx-u2604-1 kernel: pci 0000:00:03.1:   bridge window [mem 0xa0000000-0xb7ffffff]
кві 25 07:50:20 denixx-u2604-1 kernel: pci 0000:00:03.1:   bridge window [mem 0x8810000000-0x8837ffffff 64bit pref]
кві 25 07:50:20 denixx-u2604-1 kernel: pci 0000:00:08.1: PCI bridge to [bus 75]
кві 25 07:50:20 denixx-u2604-1 kernel: pci 0000:00:08.1:   bridge window [io  0x1000-0x1fff]
кві 25 07:50:20 denixx-u2604-1 kernel: pci 0000:00:08.1:   bridge window [mem 0xb9500000-0xb98fffff]
кві 25 07:50:20 denixx-u2604-1 kernel: pci 0000:00:08.1:   bridge window [mem 0x8840000000-0x88501fffff 64bit pref]
кві 25 07:50:20 denixx-u2604-1 kernel: pci 0000:00:08.3: PCI bridge to [bus 76]
кві 25 07:50:20 denixx-u2604-1 kernel: pci 0000:00:08.3:   bridge window [mem 0xb9100000-0xb94fffff]
кві 25 07:50:20 denixx-u2604-1 kernel: pci_bus 0000:00: resource 4 [io  0x0000-0x0cf7 window]
кві 25 07:50:20 denixx-u2604-1 kernel: pci_bus 0000:00: resource 5 [io  0x0d00-0xffff window]
кві 25 07:50:20 denixx-u2604-1 kernel: pci_bus 0000:00: resource 6 [mem 0x000a0000-0x000bffff window]
кві 25 07:50:20 denixx-u2604-1 kernel: pci_bus 0000:00: resource 7 [mem 0x000c0000-0x000cffff window]
кві 25 07:50:20 denixx-u2604-1 kernel: pci_bus 0000:00: resource 8 [mem 0x000d0000-0x000effff window]
кві 25 07:50:20 denixx-u2604-1 kernel: pci_bus 0000:00: resource 9 [mem 0xa0000000-0xdfffffff window]
кві 25 07:50:20 denixx-u2604-1 kernel: pci_bus 0000:00: resource 10 [mem 0xf0000000-0xfdc00000 window]
кві 25 07:50:20 denixx-u2604-1 kernel: pci_bus 0000:00: resource 11 [mem 0xfed45000-0xfed814ff window]
кві 25 07:50:20 denixx-u2604-1 kernel: pci_bus 0000:00: resource 12 [mem 0xfed81900-0xfed81fff window]
кві 25 07:50:20 denixx-u2604-1 kernel: pci_bus 0000:00: resource 13 [mem 0xfedc0000-0xfedc0fff window]
кві 25 07:50:20 denixx-u2604-1 kernel: pci_bus 0000:00: resource 14 [mem 0xfedc6000-0xfedc6fff window]
кві 25 07:50:20 denixx-u2604-1 kernel: pci_bus 0000:00: resource 15 [mem 0x1080200000-0x891fffffff window]
кві 25 07:50:20 denixx-u2604-1 kernel: pci_bus 0000:01: resource 0 [io  0x5000-0x5fff]
кві 25 07:50:20 denixx-u2604-1 kernel: pci_bus 0000:01: resource 1 [mem 0xb8000000-0xb90fffff]
кві 25 07:50:20 denixx-u2604-1 kernel: pci_bus 0000:01: resource 2 [mem 0x8600000000-0x8801ffffff 64bit pref]
кві 25 07:50:20 denixx-u2604-1 kernel: pci_bus 0000:02: resource 1 [mem 0xb9c00000-0xb9cfffff]
кві 25 07:50:20 denixx-u2604-1 kernel: pci_bus 0000:03: resource 0 [io  0x4000-0x4fff]
кві 25 07:50:20 denixx-u2604-1 kernel: pci_bus 0000:03: resource 1 [mem 0xb9b00000-0xb9bfffff]
кві 25 07:50:20 denixx-u2604-1 kernel: pci_bus 0000:04: resource 1 [mem 0xb9a00000-0xb9afffff]
кві 25 07:50:20 denixx-u2604-1 kernel: pci_bus 0000:04: resource 2 [mem 0x8838000000-0x88380fffff 64bit pref]
кві 25 07:50:20 denixx-u2604-1 kernel: pci_bus 0000:05: resource 0 [io  0x6000-0x6fff]
кві 25 07:50:20 denixx-u2604-1 kernel: pci_bus 0000:05: resource 1 [mem 0xb9900000-0xb99fffff]
кві 25 07:50:20 denixx-u2604-1 kernel: pci_bus 0000:05: resource 2 [mem 0x1080200000-0x10803fffff 64bit pref]
кві 25 07:50:20 denixx-u2604-1 kernel: pci_bus 0000:06: resource 0 [io  0x2000-0x3fff]
кві 25 07:50:20 denixx-u2604-1 kernel: pci_bus 0000:06: resource 1 [mem 0xa0000000-0xb7ffffff]
кві 25 07:50:20 denixx-u2604-1 kernel: pci_bus 0000:06: resource 2 [mem 0x8810000000-0x8837ffffff 64bit pref]
кві 25 07:50:20 denixx-u2604-1 kernel: pci_bus 0000:75: resource 0 [io  0x1000-0x1fff]
кві 25 07:50:20 denixx-u2604-1 kernel: pci_bus 0000:75: resource 1 [mem 0xb9500000-0xb98fffff]
кві 25 07:50:20 denixx-u2604-1 kernel: pci_bus 0000:75: resource 2 [mem 0x8840000000-0x88501fffff 64bit pref]
кві 25 07:50:20 denixx-u2604-1 kernel: pci_bus 0000:76: resource 1 [mem 0xb9100000-0xb94fffff]
кві 25 07:50:20 denixx-u2604-1 kernel: pci 0000:01:00.1: extending delay after power-on from D3hot to 20 msec
кві 25 07:50:20 denixx-u2604-1 kernel: pci 0000:01:00.1: D0 power state depends on 0000:01:00.0
кві 25 07:50:20 denixx-u2604-1 kernel: pci 0000:75:00.1: D0 power state depends on 0000:75:00.0
кві 25 07:50:20 denixx-u2604-1 kernel: PCI: CLS 64 bytes, default 64
кві 25 07:50:20 denixx-u2604-1 kernel: pci 0000:00:00.2: AMD-Vi: IOMMU performance counters supported
кві 25 07:50:20 denixx-u2604-1 kernel: Trying to unpack rootfs image as initramfs...
кві 25 07:50:20 denixx-u2604-1 kernel: pci 0000:00:01.0: Adding to iommu group 0
кві 25 07:50:20 denixx-u2604-1 kernel: pci 0000:00:01.1: Adding to iommu group 1
кві 25 07:50:20 denixx-u2604-1 kernel: pci 0000:00:01.2: Adding to iommu group 2
кві 25 07:50:20 denixx-u2604-1 kernel: pci 0000:00:02.0: Adding to iommu group 3
кві 25 07:50:20 denixx-u2604-1 kernel: pci 0000:00:02.1: Adding to iommu group 4
кві 25 07:50:20 denixx-u2604-1 kernel: pci 0000:00:02.2: Adding to iommu group 5
кві 25 07:50:20 denixx-u2604-1 kernel: pci 0000:00:02.3: Adding to iommu group 6
кві 25 07:50:20 denixx-u2604-1 kernel: pci 0000:00:03.0: Adding to iommu group 7
кві 25 07:50:20 denixx-u2604-1 kernel: pci 0000:00:03.1: Adding to iommu group 7
кві 25 07:50:20 denixx-u2604-1 kernel: pci 0000:00:04.0: Adding to iommu group 8
кві 25 07:50:20 denixx-u2604-1 kernel: pci 0000:00:08.0: Adding to iommu group 9
кві 25 07:50:20 denixx-u2604-1 kernel: pci 0000:00:08.1: Adding to iommu group 10
кві 25 07:50:20 denixx-u2604-1 kernel: pci 0000:00:08.3: Adding to iommu group 11
кві 25 07:50:20 denixx-u2604-1 kernel: pci 0000:00:14.0: Adding to iommu group 12
кві 25 07:50:20 denixx-u2604-1 kernel: pci 0000:00:14.3: Adding to iommu group 12
кві 25 07:50:20 denixx-u2604-1 kernel: pci 0000:00:18.0: Adding to iommu group 13
кві 25 07:50:20 denixx-u2604-1 kernel: pci 0000:00:18.1: Adding to iommu group 13
кві 25 07:50:20 denixx-u2604-1 kernel: pci 0000:00:18.2: Adding to iommu group 13
кві 25 07:50:20 denixx-u2604-1 kernel: pci 0000:00:18.3: Adding to iommu group 13
кві 25 07:50:20 denixx-u2604-1 kernel: pci 0000:00:18.4: Adding to iommu group 13
кві 25 07:50:20 denixx-u2604-1 kernel: pci 0000:00:18.5: Adding to iommu group 13
кві 25 07:50:20 denixx-u2604-1 kernel: pci 0000:00:18.6: Adding to iommu group 13
кві 25 07:50:20 denixx-u2604-1 kernel: pci 0000:00:18.7: Adding to iommu group 13
кві 25 07:50:20 denixx-u2604-1 kernel: pci 0000:01:00.0: Adding to iommu group 14
кві 25 07:50:20 denixx-u2604-1 kernel: pci 0000:01:00.1: Adding to iommu group 14
кві 25 07:50:20 denixx-u2604-1 kernel: pci 0000:02:00.0: Adding to iommu group 15
кві 25 07:50:20 denixx-u2604-1 kernel: pci 0000:03:00.0: Adding to iommu group 16
кві 25 07:50:20 denixx-u2604-1 kernel: pci 0000:04:00.0: Adding to iommu group 17
кві 25 07:50:20 denixx-u2604-1 kernel: pci 0000:05:00.0: Adding to iommu group 18
кві 25 07:50:20 denixx-u2604-1 kernel: pci 0000:75:00.0: Adding to iommu group 19
кві 25 07:50:20 denixx-u2604-1 kernel: pci 0000:75:00.1: Adding to iommu group 20
кві 25 07:50:20 denixx-u2604-1 kernel: pci 0000:75:00.2: Adding to iommu group 21
кві 25 07:50:20 denixx-u2604-1 kernel: pci 0000:75:00.3: Adding to iommu group 22
кві 25 07:50:20 denixx-u2604-1 kernel: pci 0000:75:00.4: Adding to iommu group 23
кві 25 07:50:20 denixx-u2604-1 kernel: pci 0000:75:00.5: Adding to iommu group 24
кві 25 07:50:20 denixx-u2604-1 kernel: pci 0000:75:00.6: Adding to iommu group 25
кві 25 07:50:20 denixx-u2604-1 kernel: pci 0000:76:00.0: Adding to iommu group 26
кві 25 07:50:20 denixx-u2604-1 kernel: pci 0000:76:00.3: Adding to iommu group 27
кві 25 07:50:20 denixx-u2604-1 kernel: pci 0000:76:00.4: Adding to iommu group 28
кві 25 07:50:20 denixx-u2604-1 kernel: pci 0000:76:00.5: Adding to iommu group 29
кві 25 07:50:20 denixx-u2604-1 kernel: AMD-Vi: Extended features (0x246577efa2254afa, 0x0): PPR NX GT [5] IA GA PC GA_vAPIC
кві 25 07:50:20 denixx-u2604-1 kernel: AMD-Vi: Interrupt remapping enabled
кві 25 07:50:20 denixx-u2604-1 kernel: AMD-Vi: Virtual APIC enabled
кві 25 07:50:20 denixx-u2604-1 kernel: PCI-DMA: Using software bounce buffering for IO (SWIOTLB)
кві 25 07:50:20 denixx-u2604-1 kernel: software IO TLB: mapped [mem 0x0000000086e26000-0x000000008ae26000] (64MB)
кві 25 07:50:20 denixx-u2604-1 kernel: LVT offset 0 assigned for vector 0x400
кві 25 07:50:20 denixx-u2604-1 kernel: perf: AMD IBS detected (0x000003fd)
кві 25 07:50:20 denixx-u2604-1 kernel: perf/amd_iommu: Detected AMD IOMMU #0 (2 banks, 4 counters/bank).
кві 25 07:50:20 denixx-u2604-1 kernel: Initialise system trusted keyrings
кві 25 07:50:20 denixx-u2604-1 kernel: Key type blacklist registered
кві 25 07:50:20 denixx-u2604-1 kernel: workingset: timestamp_bits=36 max_order=24 bucket_order=0
кві 25 07:50:20 denixx-u2604-1 kernel: squashfs: version 4.0 (2009/01/31) Phillip Lougher
кві 25 07:50:20 denixx-u2604-1 kernel: fuse: init (API version 7.45)
кві 25 07:50:20 denixx-u2604-1 kernel: integrity: Platform Keyring initialized
кві 25 07:50:20 denixx-u2604-1 kernel: integrity: Machine keyring initialized
кві 25 07:50:20 denixx-u2604-1 kernel: Key type asymmetric registered
кві 25 07:50:20 denixx-u2604-1 kernel: Asymmetric key parser 'x509' registered
кві 25 07:50:20 denixx-u2604-1 kernel: Block layer SCSI generic (bsg) driver version 0.4 loaded (major 242)
кві 25 07:50:20 denixx-u2604-1 kernel: io scheduler mq-deadline registered
кві 25 07:50:20 denixx-u2604-1 kernel: ledtrig-cpu: registered to indicate activity on CPUs
кві 25 07:50:20 denixx-u2604-1 kernel: pcieport 0000:00:01.1: PME: Signaling with IRQ 37
кві 25 07:50:20 denixx-u2604-1 kernel: pcieport 0000:00:01.1: pciehp: Slot #0 AttnBtn- PwrCtrl- MRL- AttnInd- PwrInd- HotPlug+ Surprise- Interlock- NoCompl+ IbPresDis- LLActRep+
кві 25 07:50:20 denixx-u2604-1 kernel: pcieport 0000:00:01.2: PME: Signaling with IRQ 38
кві 25 07:50:20 denixx-u2604-1 kernel: pcieport 0000:00:02.1: PME: Signaling with IRQ 39
кві 25 07:50:20 denixx-u2604-1 kernel: pcieport 0000:00:02.2: PME: Signaling with IRQ 40
кві 25 07:50:20 denixx-u2604-1 kernel: pcieport 0000:00:02.3: PME: Signaling with IRQ 41
кві 25 07:50:20 denixx-u2604-1 kernel: pcieport 0000:00:02.3: pciehp: Slot #0 AttnBtn- PwrCtrl- MRL- AttnInd- PwrInd- HotPlug+ Surprise- Interlock- NoCompl+ IbPresDis- LLActRep+
кві 25 07:50:20 denixx-u2604-1 kernel: pcieport 0000:00:03.1: PME: Signaling with IRQ 42
кві 25 07:50:20 denixx-u2604-1 kernel: pcieport 0000:00:03.1: pciehp: Slot #0 AttnBtn- PwrCtrl- MRL- AttnInd- PwrInd- HotPlug+ Surprise+ Interlock- NoCompl+ IbPresDis- LLActRep+
кві 25 07:50:20 denixx-u2604-1 kernel: pcieport 0000:00:08.1: PME: Signaling with IRQ 43
кві 25 07:50:20 denixx-u2604-1 kernel: pcieport 0000:00:08.3: PME: Signaling with IRQ 44
кві 25 07:50:20 denixx-u2604-1 kernel: ACPI: AC: AC Adapter [ACAD] (on-line)
кві 25 07:50:20 denixx-u2604-1 kernel: input: Power Button as /devices/platform/PNP0C0C:00/input/input0
кві 25 07:50:20 denixx-u2604-1 kernel: ACPI: button: Power Button [PWRB]
кві 25 07:50:20 denixx-u2604-1 kernel: input: Lid Switch as /devices/platform/PNP0C0D:00/input/input1
кві 25 07:50:20 denixx-u2604-1 kernel: ACPI: button: Lid Switch [LID0]
кві 25 07:50:20 denixx-u2604-1 kernel: input: Power Button as /devices/platform/LNXPWRBN:00/input/input2
кві 25 07:50:20 denixx-u2604-1 kernel: ACPI: button: Power Button [PWRF]
кві 25 07:50:20 denixx-u2604-1 kernel: Monitor-Mwait will be used to enter C-1 state
кві 25 07:50:20 denixx-u2604-1 kernel: Estimated ratio of average max frequency by base frequency (times 1024): 1284
кві 25 07:50:20 denixx-u2604-1 kernel: acpi LNXTHERM:00: registered as thermal_zone0
кві 25 07:50:20 denixx-u2604-1 kernel: ACPI: thermal: Thermal Zone [TZ01] (69 C)
кві 25 07:50:20 denixx-u2604-1 kernel: Serial: 8250/16550 driver, 32 ports, IRQ sharing enabled
кві 25 07:50:20 denixx-u2604-1 kernel: ACPI: battery: Slot [BAT1] (battery present)
кві 25 07:50:20 denixx-u2604-1 kernel: Linux agpgart interface v0.103
кві 25 07:50:20 denixx-u2604-1 kernel: tpm_crb MSFT0101:00: Disabling hwrng
кві 25 07:50:20 denixx-u2604-1 kernel: loop: module loaded
кві 25 07:50:20 denixx-u2604-1 kernel: ACPI: bus type drm_connector registered
кві 25 07:50:20 denixx-u2604-1 kernel: tun: Universal TUN/TAP device driver, 1.6
кві 25 07:50:20 denixx-u2604-1 kernel: PPP generic driver version 2.4.2
кві 25 07:50:20 denixx-u2604-1 kernel: xhci_hcd 0000:75:00.3: xHCI Host Controller
кві 25 07:50:20 denixx-u2604-1 kernel: xhci_hcd 0000:75:00.3: new USB bus registered, assigned bus number 1
кві 25 07:50:20 denixx-u2604-1 kernel: xhci_hcd 0000:75:00.3: hcc params 0x0120ffc5 hci version 0x120 quirks 0x0000000200000010
кві 25 07:50:20 denixx-u2604-1 kernel: xhci_hcd 0000:75:00.3: xHCI Host Controller
кві 25 07:50:20 denixx-u2604-1 kernel: xhci_hcd 0000:75:00.3: new USB bus registered, assigned bus number 2
кві 25 07:50:20 denixx-u2604-1 kernel: xhci_hcd 0000:75:00.3: Host supports USB 3.1 Enhanced SuperSpeed
кві 25 07:50:20 denixx-u2604-1 kernel: usb usb1: New USB device found, idVendor=1d6b, idProduct=0002, bcdDevice= 7.00
кві 25 07:50:20 denixx-u2604-1 kernel: usb usb1: New USB device strings: Mfr=3, Product=2, SerialNumber=1
кві 25 07:50:20 denixx-u2604-1 kernel: usb usb1: Product: xHCI Host Controller
кві 25 07:50:20 denixx-u2604-1 kernel: usb usb1: Manufacturer: Linux 7.0.0-14-generic xhci-hcd
кві 25 07:50:20 denixx-u2604-1 kernel: usb usb1: SerialNumber: 0000:75:00.3
кві 25 07:50:20 denixx-u2604-1 kernel: hub 1-0:1.0: USB hub found
кві 25 07:50:20 denixx-u2604-1 kernel: hub 1-0:1.0: 4 ports detected
кві 25 07:50:20 denixx-u2604-1 kernel: usb usb2: We don't know the algorithms for LPM for this host, disabling LPM.
кві 25 07:50:20 denixx-u2604-1 kernel: usb usb2: New USB device found, idVendor=1d6b, idProduct=0003, bcdDevice= 7.00
кві 25 07:50:20 denixx-u2604-1 kernel: usb usb2: New USB device strings: Mfr=3, Product=2, SerialNumber=1
кві 25 07:50:20 denixx-u2604-1 kernel: usb usb2: Product: xHCI Host Controller
кві 25 07:50:20 denixx-u2604-1 kernel: usb usb2: Manufacturer: Linux 7.0.0-14-generic xhci-hcd
кві 25 07:50:20 denixx-u2604-1 kernel: usb usb2: SerialNumber: 0000:75:00.3
кві 25 07:50:20 denixx-u2604-1 kernel: hub 2-0:1.0: USB hub found
кві 25 07:50:20 denixx-u2604-1 kernel: hub 2-0:1.0: 2 ports detected
кві 25 07:50:20 denixx-u2604-1 kernel: xhci_hcd 0000:75:00.4: xHCI Host Controller
кві 25 07:50:20 denixx-u2604-1 kernel: xhci_hcd 0000:75:00.4: new USB bus registered, assigned bus number 3
кві 25 07:50:20 denixx-u2604-1 kernel: xhci_hcd 0000:75:00.4: hcc params 0x0120ffc5 hci version 0x120 quirks 0x0000000200000010
кві 25 07:50:20 denixx-u2604-1 kernel: xhci_hcd 0000:75:00.4: xHCI Host Controller
кві 25 07:50:20 denixx-u2604-1 kernel: xhci_hcd 0000:75:00.4: new USB bus registered, assigned bus number 4
кві 25 07:50:20 denixx-u2604-1 kernel: xhci_hcd 0000:75:00.4: Host supports USB 3.1 Enhanced SuperSpeed
кві 25 07:50:20 denixx-u2604-1 kernel: usb usb3: New USB device found, idVendor=1d6b, idProduct=0002, bcdDevice= 7.00
кві 25 07:50:20 denixx-u2604-1 kernel: usb usb3: New USB device strings: Mfr=3, Product=2, SerialNumber=1
кві 25 07:50:20 denixx-u2604-1 kernel: usb usb3: Product: xHCI Host Controller
кві 25 07:50:20 denixx-u2604-1 kernel: usb usb3: Manufacturer: Linux 7.0.0-14-generic xhci-hcd
кві 25 07:50:20 denixx-u2604-1 kernel: usb usb3: SerialNumber: 0000:75:00.4
кві 25 07:50:20 denixx-u2604-1 kernel: hub 3-0:1.0: USB hub found
кві 25 07:50:20 denixx-u2604-1 kernel: hub 3-0:1.0: 3 ports detected
кві 25 07:50:20 denixx-u2604-1 kernel: usb usb4: We don't know the algorithms for LPM for this host, disabling LPM.
кві 25 07:50:20 denixx-u2604-1 kernel: usb usb4: New USB device found, idVendor=1d6b, idProduct=0003, bcdDevice= 7.00
кві 25 07:50:20 denixx-u2604-1 kernel: usb usb4: New USB device strings: Mfr=3, Product=2, SerialNumber=1
кві 25 07:50:20 denixx-u2604-1 kernel: usb usb4: Product: xHCI Host Controller
кві 25 07:50:20 denixx-u2604-1 kernel: usb usb4: Manufacturer: Linux 7.0.0-14-generic xhci-hcd
кві 25 07:50:20 denixx-u2604-1 kernel: usb usb4: SerialNumber: 0000:75:00.4
кві 25 07:50:20 denixx-u2604-1 kernel: hub 4-0:1.0: USB hub found
кві 25 07:50:20 denixx-u2604-1 kernel: hub 4-0:1.0: 2 ports detected
кві 25 07:50:20 denixx-u2604-1 kernel: xhci_hcd 0000:76:00.0: xHCI Host Controller
кві 25 07:50:20 denixx-u2604-1 kernel: xhci_hcd 0000:76:00.0: new USB bus registered, assigned bus number 5
кві 25 07:50:20 denixx-u2604-1 kernel: xhci_hcd 0000:76:00.0: USB3 root hub has no ports
кві 25 07:50:20 denixx-u2604-1 kernel: xhci_hcd 0000:76:00.0: hcc params 0x0110ffc5 hci version 0x120 quirks 0x0000000200000010
кві 25 07:50:20 denixx-u2604-1 kernel: usb usb5: New USB device found, idVendor=1d6b, idProduct=0002, bcdDevice= 7.00
кві 25 07:50:20 denixx-u2604-1 kernel: usb usb5: New USB device strings: Mfr=3, Product=2, SerialNumber=1
кві 25 07:50:20 denixx-u2604-1 kernel: usb usb5: Product: xHCI Host Controller
кві 25 07:50:20 denixx-u2604-1 kernel: usb usb5: Manufacturer: Linux 7.0.0-14-generic xhci-hcd
кві 25 07:50:20 denixx-u2604-1 kernel: usb usb5: SerialNumber: 0000:76:00.0
кві 25 07:50:20 denixx-u2604-1 kernel: hub 5-0:1.0: USB hub found
кві 25 07:50:20 denixx-u2604-1 kernel: hub 5-0:1.0: 1 port detected
кві 25 07:50:20 denixx-u2604-1 kernel: xhci_hcd 0000:76:00.3: xHCI Host Controller
кві 25 07:50:20 denixx-u2604-1 kernel: xhci_hcd 0000:76:00.3: new USB bus registered, assigned bus number 6
кві 25 07:50:20 denixx-u2604-1 kernel: xhci_hcd 0000:76:00.3: hcc params 0x0110ffc5 hci version 0x120 quirks 0x0000000200000010
кві 25 07:50:20 denixx-u2604-1 kernel: xhci_hcd 0000:76:00.3: xHCI Host Controller
кві 25 07:50:20 denixx-u2604-1 kernel: xhci_hcd 0000:76:00.3: new USB bus registered, assigned bus number 7
кві 25 07:50:20 denixx-u2604-1 kernel: xhci_hcd 0000:76:00.3: Host supports USB 3.1 Enhanced SuperSpeed
кві 25 07:50:20 denixx-u2604-1 kernel: usb usb6: New USB device found, idVendor=1d6b, idProduct=0002, bcdDevice= 7.00
кві 25 07:50:20 denixx-u2604-1 kernel: usb usb6: New USB device strings: Mfr=3, Product=2, SerialNumber=1
кві 25 07:50:20 denixx-u2604-1 kernel: usb usb6: Product: xHCI Host Controller
кві 25 07:50:20 denixx-u2604-1 kernel: usb usb6: Manufacturer: Linux 7.0.0-14-generic xhci-hcd
кві 25 07:50:20 denixx-u2604-1 kernel: usb usb6: SerialNumber: 0000:76:00.3
кві 25 07:50:20 denixx-u2604-1 kernel: hub 6-0:1.0: USB hub found
кві 25 07:50:20 denixx-u2604-1 kernel: hub 6-0:1.0: 1 port detected
кві 25 07:50:20 denixx-u2604-1 kernel: usb usb7: We don't know the algorithms for LPM for this host, disabling LPM.
кві 25 07:50:20 denixx-u2604-1 kernel: usb usb7: New USB device found, idVendor=1d6b, idProduct=0003, bcdDevice= 7.00
кві 25 07:50:20 denixx-u2604-1 kernel: usb usb7: New USB device strings: Mfr=3, Product=2, SerialNumber=1
кві 25 07:50:20 denixx-u2604-1 kernel: usb usb7: Product: xHCI Host Controller
кві 25 07:50:20 denixx-u2604-1 kernel: usb usb7: Manufacturer: Linux 7.0.0-14-generic xhci-hcd
кві 25 07:50:20 denixx-u2604-1 kernel: usb usb7: SerialNumber: 0000:76:00.3
кві 25 07:50:20 denixx-u2604-1 kernel: hub 7-0:1.0: USB hub found
кві 25 07:50:20 denixx-u2604-1 kernel: hub 7-0:1.0: 1 port detected
кві 25 07:50:20 denixx-u2604-1 kernel: xhci_hcd 0000:76:00.4: xHCI Host Controller
кві 25 07:50:20 denixx-u2604-1 kernel: xhci_hcd 0000:76:00.4: new USB bus registered, assigned bus number 8
кві 25 07:50:20 denixx-u2604-1 kernel: xhci_hcd 0000:76:00.4: hcc params 0x0110ffc5 hci version 0x120 quirks 0x0000000200000010
кві 25 07:50:20 denixx-u2604-1 kernel: xhci_hcd 0000:76:00.4: xHCI Host Controller
кві 25 07:50:20 denixx-u2604-1 kernel: xhci_hcd 0000:76:00.4: new USB bus registered, assigned bus number 9
кві 25 07:50:20 denixx-u2604-1 kernel: xhci_hcd 0000:76:00.4: Host supports USB 3.1 Enhanced SuperSpeed
кві 25 07:50:20 denixx-u2604-1 kernel: usb usb8: New USB device found, idVendor=1d6b, idProduct=0002, bcdDevice= 7.00
кві 25 07:50:20 denixx-u2604-1 kernel: usb usb8: New USB device strings: Mfr=3, Product=2, SerialNumber=1
кві 25 07:50:20 denixx-u2604-1 kernel: usb usb8: Product: xHCI Host Controller
кві 25 07:50:20 denixx-u2604-1 kernel: usb usb8: Manufacturer: Linux 7.0.0-14-generic xhci-hcd
кві 25 07:50:20 denixx-u2604-1 kernel: usb usb8: SerialNumber: 0000:76:00.4
кві 25 07:50:20 denixx-u2604-1 kernel: hub 8-0:1.0: USB hub found
кві 25 07:50:20 denixx-u2604-1 kernel: hub 8-0:1.0: 1 port detected
кві 25 07:50:20 denixx-u2604-1 kernel: usb usb9: We don't know the algorithms for LPM for this host, disabling LPM.
кві 25 07:50:20 denixx-u2604-1 kernel: usb usb9: New USB device found, idVendor=1d6b, idProduct=0003, bcdDevice= 7.00
кві 25 07:50:20 denixx-u2604-1 kernel: usb usb9: New USB device strings: Mfr=3, Product=2, SerialNumber=1
кві 25 07:50:20 denixx-u2604-1 kernel: usb usb9: Product: xHCI Host Controller
кві 25 07:50:20 denixx-u2604-1 kernel: usb usb9: Manufacturer: Linux 7.0.0-14-generic xhci-hcd
кві 25 07:50:20 denixx-u2604-1 kernel: usb usb9: SerialNumber: 0000:76:00.4
кві 25 07:50:20 denixx-u2604-1 kernel: hub 9-0:1.0: USB hub found
кві 25 07:50:20 denixx-u2604-1 kernel: hub 9-0:1.0: 1 port detected
кві 25 07:50:20 denixx-u2604-1 kernel: i8042: PNP: PS/2 Controller [PNP0303:KBC0] at 0x60,0x64 irq 1
кві 25 07:50:20 denixx-u2604-1 kernel: i8042: PNP: PS/2 appears to have AUX port disabled, if this is incorrect please boot with i8042.nopnp
кві 25 07:50:20 denixx-u2604-1 kernel: serio: i8042 KBD port at 0x60,0x64 irq 1
кві 25 07:50:20 denixx-u2604-1 kernel: mousedev: PS/2 mouse device common for all mice
кві 25 07:50:20 denixx-u2604-1 kernel: rtc_cmos 00:00: RTC can wake from S4
кві 25 07:50:20 denixx-u2604-1 kernel: rtc_cmos 00:00: registered as rtc0
кві 25 07:50:20 denixx-u2604-1 kernel: rtc_cmos 00:00: setting system clock to 2026-04-25T05:50:20 UTC (1777096220)
кві 25 07:50:20 denixx-u2604-1 kernel: rtc_cmos 00:00: alarms up to one month, 114 bytes nvram
кві 25 07:50:20 denixx-u2604-1 kernel: i2c_dev: i2c /dev entries driver
кві 25 07:50:20 denixx-u2604-1 kernel: device-mapper: core: CONFIG_IMA_DISABLE_HTABLE is disabled. Duplicate IMA measurements will not be recorded in the IMA log.
кві 25 07:50:20 denixx-u2604-1 kernel: device-mapper: uevent: version 1.0.3
кві 25 07:50:20 denixx-u2604-1 kernel: device-mapper: ioctl: 4.50.0-ioctl (2025-04-28) initialised: dm-devel@lists.linux.dev
кві 25 07:50:20 denixx-u2604-1 kernel: input: AT Translated Set 2 keyboard as /devices/platform/i8042/serio0/input/input3
кві 25 07:50:20 denixx-u2604-1 kernel: simple-framebuffer simple-framebuffer.0: [drm] Registered 1 planes with drm panic
кві 25 07:50:20 denixx-u2604-1 kernel: [drm] Initialized simpledrm 1.0.0 for simple-framebuffer.0 on minor 0
кві 25 07:50:20 denixx-u2604-1 kernel: fbcon: Deferring console take-over
кві 25 07:50:20 denixx-u2604-1 kernel: simple-framebuffer simple-framebuffer.0: [drm] fb0: simpledrmdrmfb frame buffer device
кві 25 07:50:20 denixx-u2604-1 kernel: drop_monitor: Initializing network drop monitor service
кві 25 07:50:20 denixx-u2604-1 kernel: NET: Registered PF_INET6 protocol family
кві 25 07:50:20 denixx-u2604-1 kernel: Segment Routing with IPv6
кві 25 07:50:20 denixx-u2604-1 kernel: In-situ OAM (IOAM) with IPv6
кві 25 07:50:20 denixx-u2604-1 kernel: NET: Registered PF_PACKET protocol family
кві 25 07:50:20 denixx-u2604-1 kernel: Key type dns_resolver registered
кві 25 07:50:20 denixx-u2604-1 kernel: x86/amd: Previous system reset reason [0x00300800]: software wrote 0xE to reset control register 0xCF9
кві 25 07:50:20 denixx-u2604-1 kernel: x86/amd: Previous system reset reason [0x00300800]: ACPI power state transition occurred
кві 25 07:50:20 denixx-u2604-1 kernel: microcode: Current revision: 0x0a404108
кві 25 07:50:20 denixx-u2604-1 kernel: microcode: Updated early from: 0x0a404105
кві 25 07:50:20 denixx-u2604-1 kernel: resctrl: L3 allocation detected
кві 25 07:50:20 denixx-u2604-1 kernel: resctrl: MB allocation detected
кві 25 07:50:20 denixx-u2604-1 kernel: resctrl: L3 monitoring detected
кві 25 07:50:20 denixx-u2604-1 kernel: IPI shorthand broadcast: enabled
кві 25 07:50:20 denixx-u2604-1 kernel: sched_clock: Marking stable (718888811, 1416349)->(741885326, -21580166)
кві 25 07:50:20 denixx-u2604-1 kernel: registered taskstats version 1
кві 25 07:50:20 denixx-u2604-1 kernel: Loading compiled-in X.509 certificates
кві 25 07:50:20 denixx-u2604-1 kernel: Loaded X.509 cert 'Build time autogenerated kernel key: 9f2447cfa7c28d59d120e61c9760dd35ebc0ec03'
кві 25 07:50:20 denixx-u2604-1 kernel: Loaded X.509 cert 'Canonical Ltd. Live Patch Signing 2025 Kmod: d541cef61dc7e793b7eb7e899970a2eef0b5dc8c'
кві 25 07:50:20 denixx-u2604-1 kernel: Loaded X.509 cert 'Canonical Ltd. Live Patch Signing: 14df34d1a87cf37625abec039ef2bf521249b969'
кві 25 07:50:20 denixx-u2604-1 kernel: Loaded X.509 cert 'Canonical Ltd. Kernel Module Signing 2025 Kmod: 4627603d2357a2a3f81006370894c221175893e9'
кві 25 07:50:20 denixx-u2604-1 kernel: Loaded X.509 cert 'Canonical Ltd. Kernel Module Signing: 88f752e560a1e0737e31163a466ad7b70a850c19'
кві 25 07:50:20 denixx-u2604-1 kernel: blacklist: Loading compiled-in revocation X.509 certificates
кві 25 07:50:20 denixx-u2604-1 kernel: Loaded X.509 cert 'Canonical Ltd. Secure Boot Signing: 61482aa2830d0ab2ad5af10b7250da9033ddcef0'
кві 25 07:50:20 denixx-u2604-1 kernel: Loaded X.509 cert 'Canonical Ltd. Secure Boot Signing (2017): 242ade75ac4a15e50d50c84b0d45ff3eae707a03'
кві 25 07:50:20 denixx-u2604-1 kernel: Loaded X.509 cert 'Canonical Ltd. Secure Boot Signing (ESM 2018): 365188c1d374d6b07c3c8f240f8ef722433d6a8b'
кві 25 07:50:20 denixx-u2604-1 kernel: Loaded X.509 cert 'Canonical Ltd. Secure Boot Signing (2019): c0746fd6c5da3ae827864651ad66ae47fe24b3e8'
кві 25 07:50:20 denixx-u2604-1 kernel: Loaded X.509 cert 'Canonical Ltd. Secure Boot Signing (2021 v1): a8d54bbb3825cfb94fa13c9f8a594a195c107b8d'
кві 25 07:50:20 denixx-u2604-1 kernel: Loaded X.509 cert 'Canonical Ltd. Secure Boot Signing (2021 v2): 4cf046892d6fd3c9a5b03f98d845f90851dc6a8c'
кві 25 07:50:20 denixx-u2604-1 kernel: Loaded X.509 cert 'Canonical Ltd. Secure Boot Signing (2021 v3): 100437bb6de6e469b581e61cd66bce3ef4ed53af'
кві 25 07:50:20 denixx-u2604-1 kernel: Loaded X.509 cert 'Canonical Ltd. Secure Boot Signing (Ubuntu Core 2019): c1d57b8f6b743f23ee41f4f7ee292f06eecadfb9'
кві 25 07:50:20 denixx-u2604-1 kernel: Demotion targets for Node 0: null
кві 25 07:50:20 denixx-u2604-1 kernel: Key type .fscrypt registered
кві 25 07:50:20 denixx-u2604-1 kernel: Key type fscrypt-provisioning registered
кві 25 07:50:20 denixx-u2604-1 kernel: Key type big_key registered
кві 25 07:50:20 denixx-u2604-1 kernel: Key type trusted registered
кві 25 07:50:20 denixx-u2604-1 kernel: Freeing initrd memory: 44188K
кві 25 07:50:20 denixx-u2604-1 kernel: Key type encrypted registered
кві 25 07:50:20 denixx-u2604-1 kernel: AppArmor: AppArmor sha256 policy hashing enabled
кві 25 07:50:20 denixx-u2604-1 kernel: Loading compiled-in module X.509 certificates
кві 25 07:50:20 denixx-u2604-1 kernel: Loaded X.509 cert 'Build time autogenerated kernel key: 9f2447cfa7c28d59d120e61c9760dd35ebc0ec03'
кві 25 07:50:20 denixx-u2604-1 kernel: ima: Allocated hash algorithm: sha256
кві 25 07:50:20 denixx-u2604-1 kernel: audit: type=1807 audit(1777096220.586:2): action=measure func=KEXEC_KERNEL_CHECK res=1
кві 25 07:50:20 denixx-u2604-1 kernel: audit: type=1807 audit(1777096220.586:3): action=measure func=MODULE_CHECK res=1
кві 25 07:50:20 denixx-u2604-1 kernel: evm: Initialising EVM extended attributes:
кві 25 07:50:20 denixx-u2604-1 kernel: evm: security.selinux
кві 25 07:50:20 denixx-u2604-1 kernel: evm: security.SMACK64
кві 25 07:50:20 denixx-u2604-1 kernel: evm: security.SMACK64EXEC
кві 25 07:50:20 denixx-u2604-1 kernel: evm: security.SMACK64TRANSMUTE
кві 25 07:50:20 denixx-u2604-1 kernel: evm: security.SMACK64MMAP
кві 25 07:50:20 denixx-u2604-1 kernel: evm: security.apparmor
кві 25 07:50:20 denixx-u2604-1 kernel: evm: security.ima
кві 25 07:50:20 denixx-u2604-1 kernel: evm: security.capability
кві 25 07:50:20 denixx-u2604-1 kernel: evm: HMAC attrs: 0x1
кві 25 07:50:20 denixx-u2604-1 kernel: integrity: Loading X.509 certificate: UEFI:db
кві 25 07:50:20 denixx-u2604-1 kernel: integrity: Loaded X.509 cert 'Microsoft Windows Production PCA 2011: a92902398e16c49778cd90f99e4f9ae17c55af53'
кві 25 07:50:20 denixx-u2604-1 kernel: integrity: Loading X.509 certificate: UEFI:db
кві 25 07:50:20 denixx-u2604-1 kernel: integrity: Loaded X.509 cert 'Microsoft Corporation UEFI CA 2011: 13adbf4309bd82709c8cd54f316ed522988a1bd4'
кві 25 07:50:20 denixx-u2604-1 kernel: integrity: Loading X.509 certificate: UEFI:db
кві 25 07:50:20 denixx-u2604-1 kernel: integrity: Loaded X.509 cert 'Acer Database: 84f00f5841571abd2cc11a8c26d5c9c8d2b6b0b5'
кві 25 07:50:20 denixx-u2604-1 kernel: integrity: Loading X.509 certificate: UEFI:db
кві 25 07:50:20 denixx-u2604-1 kernel: integrity: Loaded X.509 cert 'LINPUS: 967f81f2f4f5ac0f24fca5e42982e4ad1e56ddff'
кві 25 07:50:20 denixx-u2604-1 kernel: integrity: Loading X.509 certificate: UEFI:db
кві 25 07:50:20 denixx-u2604-1 kernel: integrity: Loaded X.509 cert 'Linpus: linpus.com: 2e092cab5e97a89f94a6e272ec7267c267cf4483'
кві 25 07:50:20 denixx-u2604-1 kernel: integrity: Loading X.509 certificate: UEFI:db
кві 25 07:50:20 denixx-u2604-1 kernel: integrity: Loaded X.509 cert 'Quanta NB4: 073d6a4c306ea5b9499e861c7ba55cde'
кві 25 07:50:20 denixx-u2604-1 kernel: integrity: Revoking X.509 certificate: UEFI:dbx
кві 25 07:50:20 denixx-u2604-1 kernel: blacklist: Revoked X.509 cert 'Acer Database Forbidden: 9de028a2638669f109745d3e2a7ad5c9e64ed392'
кві 25 07:50:20 denixx-u2604-1 kernel: integrity: Loading X.509 certificate: UEFI:MokListRT (MOKvar table)
кві 25 07:50:20 denixx-u2604-1 kernel: integrity: Loaded X.509 cert 'Canonical Ltd. Master Certificate Authority: ad91990bc22ab1f517048c23b6655a268e345a63'
кві 25 07:50:20 denixx-u2604-1 kernel: PM:   Magic number: 6:183:821
кві 25 07:50:20 denixx-u2604-1 kernel: RAS: Correctable Errors collector initialized.
кві 25 07:50:20 denixx-u2604-1 kernel: Lockdown: swapper/0: hibernation is restricted; see man kernel_lockdown.7
кві 25 07:50:20 denixx-u2604-1 kernel: clk: Disabling unused clocks
кві 25 07:50:20 denixx-u2604-1 kernel: PM: genpd: Disabling unused power domains
кві 25 07:50:20 denixx-u2604-1 kernel: Freeing unused decrypted memory: 2028K
кві 25 07:50:20 denixx-u2604-1 kernel: Freeing unused kernel image (initmem) memory: 5292K
